<?xml version="1.0"?>
<link_info>
   <banner>TI ARM Linker PC v16.9.6.LTS</banner>
   <copyright>Copyright (c) 1996-2017 Texas Instruments Incorporated</copyright>
   <link_time>0x5f9fa8a9</link_time>
   <link_errors>0x0</link_errors>
   <output_file>Lab5_UARTComms.out</output_file>
   <entry_point>
      <name>_c_int00</name>
      <address>0x5619</address>
   </entry_point>
   <input_file_list>
      <input_file id="fl-2">
         <path>.\</path>
         <kind>object</kind>
         <file>ADC14.obj</file>
         <name>ADC14.obj</name>
      </input_file>
      <input_file id="fl-3">
         <path>.\</path>
         <kind>object</kind>
         <file>BumpInt.obj</file>
         <name>BumpInt.obj</name>
      </input_file>
      <input_file id="fl-4">
         <path>.\</path>
         <kind>object</kind>
         <file>Clock.obj</file>
         <name>Clock.obj</name>
      </input_file>
      <input_file id="fl-5">
         <path>.\</path>
         <kind>object</kind>
         <file>CortexM.obj</file>
         <name>CortexM.obj</name>
      </input_file>
      <input_file id="fl-6">
         <path>.\</path>
         <kind>object</kind>
         <file>EUSCIA0.obj</file>
         <name>EUSCIA0.obj</name>
      </input_file>
      <input_file id="fl-7">
         <path>.\</path>
         <kind>object</kind>
         <file>FIFO0.obj</file>
         <name>FIFO0.obj</name>
      </input_file>
      <input_file id="fl-8">
         <path>.\</path>
         <kind>object</kind>
         <file>IRDistance.obj</file>
         <name>IRDistance.obj</name>
      </input_file>
      <input_file id="fl-9">
         <path>.\</path>
         <kind>object</kind>
         <file>LPF.obj</file>
         <name>LPF.obj</name>
      </input_file>
      <input_file id="fl-a">
         <path>.\</path>
         <kind>object</kind>
         <file>Lab5_UARTmain.obj</file>
         <name>Lab5_UARTmain.obj</name>
      </input_file>
      <input_file id="fl-b">
         <path>.\</path>
         <kind>object</kind>
         <file>LaunchPad.obj</file>
         <name>LaunchPad.obj</name>
      </input_file>
      <input_file id="fl-c">
         <path>.\</path>
         <kind>object</kind>
         <file>Motor.obj</file>
         <name>Motor.obj</name>
      </input_file>
      <input_file id="fl-d">
         <path>.\</path>
         <kind>object</kind>
         <file>PWM.obj</file>
         <name>PWM.obj</name>
      </input_file>
      <input_file id="fl-e">
         <path>.\</path>
         <kind>object</kind>
         <file>Reflectance.obj</file>
         <name>Reflectance.obj</name>
      </input_file>
      <input_file id="fl-f">
         <path>.\</path>
         <kind>object</kind>
         <file>SysTickInts.obj</file>
         <name>SysTickInts.obj</name>
      </input_file>
      <input_file id="fl-10">
         <path>.\</path>
         <kind>object</kind>
         <file>TA3InputCapture.obj</file>
         <name>TA3InputCapture.obj</name>
      </input_file>
      <input_file id="fl-11">
         <path>.\</path>
         <kind>object</kind>
         <file>TimerA1.obj</file>
         <name>TimerA1.obj</name>
      </input_file>
      <input_file id="fl-12">
         <path>.\</path>
         <kind>object</kind>
         <file>UART0.obj</file>
         <name>UART0.obj</name>
      </input_file>
      <input_file id="fl-13">
         <path>.\</path>
         <kind>object</kind>
         <file>startup_msp432p401r_ccs.obj</file>
         <name>startup_msp432p401r_ccs.obj</name>
      </input_file>
      <input_file id="fl-14">
         <path>.\</path>
         <kind>object</kind>
         <file>system_msp432p401r.obj</file>
         <name>system_msp432p401r.obj</name>
      </input_file>
      <input_file id="fl-18">
         <kind>object</kind>
         <file>&lt;internal&gt;</file>
         <name>&lt;internal&gt;</name>
      </input_file>
      <input_file id="fl-ce">
         <path>C:\ti\ccsv7\tools\compiler\ti-cgt-arm_16.9.6.LTS\lib\</path>
         <kind>archive</kind>
         <file>rtsv7M4_T_le_v4SPD16_eabi.lib</file>
         <name>add_device.obj</name>
      </input_file>
      <input_file id="fl-cf">
         <path>C:\ti\ccsv7\tools\compiler\ti-cgt-arm_16.9.6.LTS\lib\</path>
         <kind>archive</kind>
         <file>rtsv7M4_T_le_v4SPD16_eabi.lib</file>
         <name>boot.obj</name>
      </input_file>
      <input_file id="fl-d0">
         <path>C:\ti\ccsv7\tools\compiler\ti-cgt-arm_16.9.6.LTS\lib\</path>
         <kind>archive</kind>
         <file>rtsv7M4_T_le_v4SPD16_eabi.lib</file>
         <name>copy_decompress_lzss.obj</name>
      </input_file>
      <input_file id="fl-d1">
         <path>C:\ti\ccsv7\tools\compiler\ti-cgt-arm_16.9.6.LTS\lib\</path>
         <kind>archive</kind>
         <file>rtsv7M4_T_le_v4SPD16_eabi.lib</file>
         <name>copy_decompress_none.obj</name>
      </input_file>
      <input_file id="fl-d2">
         <path>C:\ti\ccsv7\tools\compiler\ti-cgt-arm_16.9.6.LTS\lib\</path>
         <kind>archive</kind>
         <file>rtsv7M4_T_le_v4SPD16_eabi.lib</file>
         <name>copy_zero_init.obj</name>
      </input_file>
      <input_file id="fl-d3">
         <path>C:\ti\ccsv7\tools\compiler\ti-cgt-arm_16.9.6.LTS\lib\</path>
         <kind>archive</kind>
         <file>rtsv7M4_T_le_v4SPD16_eabi.lib</file>
         <name>defs.obj</name>
      </input_file>
      <input_file id="fl-d4">
         <path>C:\ti\ccsv7\tools\compiler\ti-cgt-arm_16.9.6.LTS\lib\</path>
         <kind>archive</kind>
         <file>rtsv7M4_T_le_v4SPD16_eabi.lib</file>
         <name>e_pow.obj</name>
      </input_file>
      <input_file id="fl-d5">
         <path>C:\ti\ccsv7\tools\compiler\ti-cgt-arm_16.9.6.LTS\lib\</path>
         <kind>archive</kind>
         <file>rtsv7M4_T_le_v4SPD16_eabi.lib</file>
         <name>e_sqrt.obj</name>
      </input_file>
      <input_file id="fl-d6">
         <path>C:\ti\ccsv7\tools\compiler\ti-cgt-arm_16.9.6.LTS\lib\</path>
         <kind>archive</kind>
         <file>rtsv7M4_T_le_v4SPD16_eabi.lib</file>
         <name>errno.obj</name>
      </input_file>
      <input_file id="fl-d7">
         <path>C:\ti\ccsv7\tools\compiler\ti-cgt-arm_16.9.6.LTS\lib\</path>
         <kind>archive</kind>
         <file>rtsv7M4_T_le_v4SPD16_eabi.lib</file>
         <name>exit.obj</name>
      </input_file>
      <input_file id="fl-d8">
         <path>C:\ti\ccsv7\tools\compiler\ti-cgt-arm_16.9.6.LTS\lib\</path>
         <kind>archive</kind>
         <file>rtsv7M4_T_le_v4SPD16_eabi.lib</file>
         <name>fd_add_t2.obj</name>
      </input_file>
      <input_file id="fl-d9">
         <path>C:\ti\ccsv7\tools\compiler\ti-cgt-arm_16.9.6.LTS\lib\</path>
         <kind>archive</kind>
         <file>rtsv7M4_T_le_v4SPD16_eabi.lib</file>
         <name>fd_cmp_t2.obj</name>
      </input_file>
      <input_file id="fl-da">
         <path>C:\ti\ccsv7\tools\compiler\ti-cgt-arm_16.9.6.LTS\lib\</path>
         <kind>archive</kind>
         <file>rtsv7M4_T_le_v4SPD16_eabi.lib</file>
         <name>fd_div_t2.obj</name>
      </input_file>
      <input_file id="fl-db">
         <path>C:\ti\ccsv7\tools\compiler\ti-cgt-arm_16.9.6.LTS\lib\</path>
         <kind>archive</kind>
         <file>rtsv7M4_T_le_v4SPD16_eabi.lib</file>
         <name>fd_mul_t2.obj</name>
      </input_file>
      <input_file id="fl-dc">
         <path>C:\ti\ccsv7\tools\compiler\ti-cgt-arm_16.9.6.LTS\lib\</path>
         <kind>archive</kind>
         <file>rtsv7M4_T_le_v4SPD16_eabi.lib</file>
         <name>fd_tou_t2.obj</name>
      </input_file>
      <input_file id="fl-dd">
         <path>C:\ti\ccsv7\tools\compiler\ti-cgt-arm_16.9.6.LTS\lib\</path>
         <kind>archive</kind>
         <file>rtsv7M4_T_le_v4SPD16_eabi.lib</file>
         <name>fopen.obj</name>
      </input_file>
      <input_file id="fl-de">
         <path>C:\ti\ccsv7\tools\compiler\ti-cgt-arm_16.9.6.LTS\lib\</path>
         <kind>archive</kind>
         <file>rtsv7M4_T_le_v4SPD16_eabi.lib</file>
         <name>getdevice.obj</name>
      </input_file>
      <input_file id="fl-df">
         <path>C:\ti\ccsv7\tools\compiler\ti-cgt-arm_16.9.6.LTS\lib\</path>
         <kind>archive</kind>
         <file>rtsv7M4_T_le_v4SPD16_eabi.lib</file>
         <name>i_tofd_t2.obj</name>
      </input_file>
      <input_file id="fl-e0">
         <path>C:\ti\ccsv7\tools\compiler\ti-cgt-arm_16.9.6.LTS\lib\</path>
         <kind>archive</kind>
         <file>rtsv7M4_T_le_v4SPD16_eabi.lib</file>
         <name>memcpy_t2.obj</name>
      </input_file>
      <input_file id="fl-e1">
         <path>C:\ti\ccsv7\tools\compiler\ti-cgt-arm_16.9.6.LTS\lib\</path>
         <kind>archive</kind>
         <file>rtsv7M4_T_le_v4SPD16_eabi.lib</file>
         <name>memset_t2.obj</name>
      </input_file>
      <input_file id="fl-e2">
         <path>C:\ti\ccsv7\tools\compiler\ti-cgt-arm_16.9.6.LTS\lib\</path>
         <kind>archive</kind>
         <file>rtsv7M4_T_le_v4SPD16_eabi.lib</file>
         <name>mpu_init.obj</name>
      </input_file>
      <input_file id="fl-e3">
         <path>C:\ti\ccsv7\tools\compiler\ti-cgt-arm_16.9.6.LTS\lib\</path>
         <kind>archive</kind>
         <file>rtsv7M4_T_le_v4SPD16_eabi.lib</file>
         <name>open.obj</name>
      </input_file>
      <input_file id="fl-e4">
         <path>C:\ti\ccsv7\tools\compiler\ti-cgt-arm_16.9.6.LTS\lib\</path>
         <kind>archive</kind>
         <file>rtsv7M4_T_le_v4SPD16_eabi.lib</file>
         <name>pre_init.obj</name>
      </input_file>
      <input_file id="fl-e5">
         <path>C:\ti\ccsv7\tools\compiler\ti-cgt-arm_16.9.6.LTS\lib\</path>
         <kind>archive</kind>
         <file>rtsv7M4_T_le_v4SPD16_eabi.lib</file>
         <name>s_scalbn.obj</name>
      </input_file>
      <input_file id="fl-e6">
         <path>C:\ti\ccsv7\tools\compiler\ti-cgt-arm_16.9.6.LTS\lib\</path>
         <kind>archive</kind>
         <file>rtsv7M4_T_le_v4SPD16_eabi.lib</file>
         <name>setvbuf.obj</name>
      </input_file>
      <input_file id="fl-e7">
         <path>C:\ti\ccsv7\tools\compiler\ti-cgt-arm_16.9.6.LTS\lib\</path>
         <kind>archive</kind>
         <file>rtsv7M4_T_le_v4SPD16_eabi.lib</file>
         <name>stkdepth_vars.obj</name>
      </input_file>
      <input_file id="fl-e8">
         <path>C:\ti\ccsv7\tools\compiler\ti-cgt-arm_16.9.6.LTS\lib\</path>
         <kind>archive</kind>
         <file>rtsv7M4_T_le_v4SPD16_eabi.lib</file>
         <name>strchr.obj</name>
      </input_file>
      <input_file id="fl-e9">
         <path>C:\ti\ccsv7\tools\compiler\ti-cgt-arm_16.9.6.LTS\lib\</path>
         <kind>archive</kind>
         <file>rtsv7M4_T_le_v4SPD16_eabi.lib</file>
         <name>strcmp.obj</name>
      </input_file>
      <input_file id="fl-ea">
         <path>C:\ti\ccsv7\tools\compiler\ti-cgt-arm_16.9.6.LTS\lib\</path>
         <kind>archive</kind>
         <file>rtsv7M4_T_le_v4SPD16_eabi.lib</file>
         <name>strncpy.obj</name>
      </input_file>
      <input_file id="fl-eb">
         <path>C:\ti\ccsv7\tools\compiler\ti-cgt-arm_16.9.6.LTS\lib\</path>
         <kind>archive</kind>
         <file>rtsv7M4_T_le_v4SPD16_eabi.lib</file>
         <name>write.obj</name>
      </input_file>
      <input_file id="fl-ec">
         <path>C:\ti\ccsv7\tools\compiler\ti-cgt-arm_16.9.6.LTS\lib\</path>
         <kind>archive</kind>
         <file>rtsv7M4_T_le_v4SPD16_eabi.lib</file>
         <name>_lock.obj</name>
      </input_file>
      <input_file id="fl-ed">
         <path>C:\ti\ccsv7\tools\compiler\ti-cgt-arm_16.9.6.LTS\lib\</path>
         <kind>archive</kind>
         <file>rtsv7M4_T_le_v4SPD16_eabi.lib</file>
         <name>args_main.obj</name>
      </input_file>
      <input_file id="fl-ee">
         <path>C:\ti\ccsv7\tools\compiler\ti-cgt-arm_16.9.6.LTS\lib\</path>
         <kind>archive</kind>
         <file>rtsv7M4_T_le_v4SPD16_eabi.lib</file>
         <name>autoinit.obj</name>
      </input_file>
      <input_file id="fl-ef">
         <path>C:\ti\ccsv7\tools\compiler\ti-cgt-arm_16.9.6.LTS\lib\</path>
         <kind>archive</kind>
         <file>rtsv7M4_T_le_v4SPD16_eabi.lib</file>
         <name>cpy_tbl.obj</name>
      </input_file>
      <input_file id="fl-f0">
         <path>C:\ti\ccsv7\tools\compiler\ti-cgt-arm_16.9.6.LTS\lib\</path>
         <kind>archive</kind>
         <file>rtsv7M4_T_le_v4SPD16_eabi.lib</file>
         <name>fclose.obj</name>
      </input_file>
      <input_file id="fl-f1">
         <path>C:\ti\ccsv7\tools\compiler\ti-cgt-arm_16.9.6.LTS\lib\</path>
         <kind>archive</kind>
         <file>rtsv7M4_T_le_v4SPD16_eabi.lib</file>
         <name>fflush.obj</name>
      </input_file>
      <input_file id="fl-f2">
         <path>C:\ti\ccsv7\tools\compiler\ti-cgt-arm_16.9.6.LTS\lib\</path>
         <kind>archive</kind>
         <file>rtsv7M4_T_le_v4SPD16_eabi.lib</file>
         <name>hostclose.obj</name>
      </input_file>
      <input_file id="fl-f3">
         <path>C:\ti\ccsv7\tools\compiler\ti-cgt-arm_16.9.6.LTS\lib\</path>
         <kind>archive</kind>
         <file>rtsv7M4_T_le_v4SPD16_eabi.lib</file>
         <name>hostlseek.obj</name>
      </input_file>
      <input_file id="fl-f4">
         <path>C:\ti\ccsv7\tools\compiler\ti-cgt-arm_16.9.6.LTS\lib\</path>
         <kind>archive</kind>
         <file>rtsv7M4_T_le_v4SPD16_eabi.lib</file>
         <name>hostopen.obj</name>
      </input_file>
      <input_file id="fl-f5">
         <path>C:\ti\ccsv7\tools\compiler\ti-cgt-arm_16.9.6.LTS\lib\</path>
         <kind>archive</kind>
         <file>rtsv7M4_T_le_v4SPD16_eabi.lib</file>
         <name>hostread.obj</name>
      </input_file>
      <input_file id="fl-f6">
         <path>C:\ti\ccsv7\tools\compiler\ti-cgt-arm_16.9.6.LTS\lib\</path>
         <kind>archive</kind>
         <file>rtsv7M4_T_le_v4SPD16_eabi.lib</file>
         <name>hostrename.obj</name>
      </input_file>
      <input_file id="fl-f7">
         <path>C:\ti\ccsv7\tools\compiler\ti-cgt-arm_16.9.6.LTS\lib\</path>
         <kind>archive</kind>
         <file>rtsv7M4_T_le_v4SPD16_eabi.lib</file>
         <name>hostunlink.obj</name>
      </input_file>
      <input_file id="fl-f8">
         <path>C:\ti\ccsv7\tools\compiler\ti-cgt-arm_16.9.6.LTS\lib\</path>
         <kind>archive</kind>
         <file>rtsv7M4_T_le_v4SPD16_eabi.lib</file>
         <name>hostwrite.obj</name>
      </input_file>
      <input_file id="fl-f9">
         <path>C:\ti\ccsv7\tools\compiler\ti-cgt-arm_16.9.6.LTS\lib\</path>
         <kind>archive</kind>
         <file>rtsv7M4_T_le_v4SPD16_eabi.lib</file>
         <name>memory.obj</name>
      </input_file>
      <input_file id="fl-fa">
         <path>C:\ti\ccsv7\tools\compiler\ti-cgt-arm_16.9.6.LTS\lib\</path>
         <kind>archive</kind>
         <file>rtsv7M4_T_le_v4SPD16_eabi.lib</file>
         <name>remove.obj</name>
      </input_file>
      <input_file id="fl-fb">
         <path>C:\ti\ccsv7\tools\compiler\ti-cgt-arm_16.9.6.LTS\lib\</path>
         <kind>archive</kind>
         <file>rtsv7M4_T_le_v4SPD16_eabi.lib</file>
         <name>s_copysign.obj</name>
      </input_file>
      <input_file id="fl-fc">
         <path>C:\ti\ccsv7\tools\compiler\ti-cgt-arm_16.9.6.LTS\lib\</path>
         <kind>archive</kind>
         <file>rtsv7M4_T_le_v4SPD16_eabi.lib</file>
         <name>startup.obj</name>
      </input_file>
      <input_file id="fl-fd">
         <path>C:\ti\ccsv7\tools\compiler\ti-cgt-arm_16.9.6.LTS\lib\</path>
         <kind>archive</kind>
         <file>rtsv7M4_T_le_v4SPD16_eabi.lib</file>
         <name>strcpy.obj</name>
      </input_file>
      <input_file id="fl-fe">
         <path>C:\ti\ccsv7\tools\compiler\ti-cgt-arm_16.9.6.LTS\lib\</path>
         <kind>archive</kind>
         <file>rtsv7M4_T_le_v4SPD16_eabi.lib</file>
         <name>strlen.obj</name>
      </input_file>
      <input_file id="fl-ff">
         <path>C:\ti\ccsv7\tools\compiler\ti-cgt-arm_16.9.6.LTS\lib\</path>
         <kind>archive</kind>
         <file>rtsv7M4_T_le_v4SPD16_eabi.lib</file>
         <name>trgmsg.obj</name>
      </input_file>
      <input_file id="fl-100">
         <path>C:\ti\ccsv7\tools\compiler\ti-cgt-arm_16.9.6.LTS\lib\</path>
         <kind>archive</kind>
         <file>rtsv7M4_T_le_v4SPD16_eabi.lib</file>
         <name>unlink.obj</name>
      </input_file>
      <input_file id="fl-101">
         <path>C:\ti\ccsv7\tools\compiler\ti-cgt-arm_16.9.6.LTS\lib\</path>
         <kind>archive</kind>
         <file>rtsv7M4_T_le_v4SPD16_eabi.lib</file>
         <name>close.obj</name>
      </input_file>
   </input_file_list>
   <object_component_list>
      <object_component id="oc-2c">
         <name>.intvecs:retain</name>
         <load_address>0x0</load_address>
         <run_address>0x0</run_address>
         <size>0xe4</size>
         <input_file_ref idref="fl-13"/>
      </object_component>
      <object_component id="oc-7e">
         <name>.text</name>
         <load_address>0xe4</load_address>
         <run_address>0xe4</run_address>
         <size>0x1204</size>
         <input_file_ref idref="fl-a"/>
      </object_component>
      <object_component id="oc-1e7">
         <name>.text</name>
         <load_address>0x12e8</load_address>
         <run_address>0x12e8</run_address>
         <size>0x9ac</size>
         <input_file_ref idref="fl-d4"/>
      </object_component>
      <object_component id="oc-ef">
         <name>.text</name>
         <load_address>0x1c94</load_address>
         <run_address>0x1c94</run_address>
         <size>0x6bc</size>
         <input_file_ref idref="fl-12"/>
      </object_component>
      <object_component id="oc-90">
         <name>.text</name>
         <load_address>0x2350</load_address>
         <run_address>0x2350</run_address>
         <size>0x5ba</size>
         <input_file_ref idref="fl-6"/>
      </object_component>
      <object_component id="oc-56">
         <name>.text</name>
         <load_address>0x290a</load_address>
         <run_address>0x290a</run_address>
         <size>0x2</size>
         <input_file_ref idref="fl-e2"/>
      </object_component>
      <object_component id="oc-247">
         <name>.text</name>
         <load_address>0x290c</load_address>
         <run_address>0x290c</run_address>
         <size>0x3d0</size>
         <input_file_ref idref="fl-f9"/>
      </object_component>
      <object_component id="oc-d6">
         <name>.text</name>
         <load_address>0x2cdc</load_address>
         <run_address>0x2cdc</run_address>
         <size>0x32c</size>
         <input_file_ref idref="fl-14"/>
      </object_component>
      <object_component id="oc-124">
         <name>.text</name>
         <load_address>0x3008</load_address>
         <run_address>0x3008</run_address>
         <size>0x308</size>
         <input_file_ref idref="fl-9"/>
      </object_component>
      <object_component id="oc-11e">
         <name>.text</name>
         <load_address>0x3310</load_address>
         <run_address>0x3310</run_address>
         <size>0x260</size>
         <input_file_ref idref="fl-2"/>
      </object_component>
      <object_component id="oc-1c8">
         <name>.text</name>
         <load_address>0x3570</load_address>
         <run_address>0x3570</run_address>
         <size>0x228</size>
         <input_file_ref idref="fl-d"/>
      </object_component>
      <object_component id="oc-10f">
         <name>.text</name>
         <load_address>0x3798</load_address>
         <run_address>0x3798</run_address>
         <size>0x224</size>
         <input_file_ref idref="fl-c"/>
      </object_component>
      <object_component id="oc-dd">
         <name>.text</name>
         <load_address>0x39bc</load_address>
         <run_address>0x39bc</run_address>
         <size>0x210</size>
         <input_file_ref idref="fl-7"/>
      </object_component>
      <object_component id="oc-e3">
         <name>.text</name>
         <load_address>0x3bcc</load_address>
         <run_address>0x3bcc</run_address>
         <size>0x1e0</size>
         <input_file_ref idref="fl-4"/>
      </object_component>
      <object_component id="oc-1a3">
         <name>.text</name>
         <load_address>0x3dac</load_address>
         <run_address>0x3dac</run_address>
         <size>0x1c4</size>
         <input_file_ref idref="fl-dd"/>
      </object_component>
      <object_component id="oc-1ed">
         <name>.text</name>
         <load_address>0x3f70</load_address>
         <run_address>0x3f70</run_address>
         <size>0x1b6</size>
         <input_file_ref idref="fl-d8"/>
      </object_component>
      <object_component id="oc-c1">
         <name>.text</name>
         <load_address>0x4126</load_address>
         <run_address>0x4126</run_address>
         <size>0x2</size>
         <input_file_ref idref="fl-fc"/>
      </object_component>
      <object_component id="oc-25d">
         <name>.text</name>
         <load_address>0x4128</load_address>
         <run_address>0x4128</run_address>
         <size>0x170</size>
         <input_file_ref idref="fl-d5"/>
      </object_component>
      <object_component id="oc-96">
         <name>.text</name>
         <load_address>0x4298</load_address>
         <run_address>0x4298</run_address>
         <size>0x168</size>
         <input_file_ref idref="fl-3"/>
      </object_component>
      <object_component id="oc-138">
         <name>.text</name>
         <load_address>0x4400</load_address>
         <run_address>0x4400</run_address>
         <size>0x144</size>
         <input_file_ref idref="fl-8"/>
      </object_component>
      <object_component id="oc-1e2">
         <name>.text</name>
         <load_address>0x4544</load_address>
         <run_address>0x4544</run_address>
         <size>0x136</size>
         <input_file_ref idref="fl-da"/>
      </object_component>
      <object_component id="oc-8a">
         <name>.text</name>
         <load_address>0x467c</load_address>
         <run_address>0x467c</run_address>
         <size>0x12c</size>
         <input_file_ref idref="fl-10"/>
      </object_component>
      <object_component id="oc-115">
         <name>.text</name>
         <load_address>0x47a8</load_address>
         <run_address>0x47a8</run_address>
         <size>0x11c</size>
         <input_file_ref idref="fl-e"/>
      </object_component>
      <object_component id="oc-266">
         <name>.text</name>
         <load_address>0x48c4</load_address>
         <run_address>0x48c4</run_address>
         <size>0xfc</size>
         <input_file_ref idref="fl-db"/>
      </object_component>
      <object_component id="oc-278">
         <name>.text</name>
         <load_address>0x49c0</load_address>
         <run_address>0x49c0</run_address>
         <size>0xfc</size>
         <input_file_ref idref="fl-e5"/>
      </object_component>
      <object_component id="oc-105">
         <name>.text</name>
         <load_address>0x4abc</load_address>
         <run_address>0x4abc</run_address>
         <size>0xf4</size>
         <input_file_ref idref="fl-b"/>
      </object_component>
      <object_component id="oc-1a9">
         <name>.text</name>
         <load_address>0x4bb0</load_address>
         <run_address>0x4bb0</run_address>
         <size>0xdc</size>
         <input_file_ref idref="fl-e6"/>
      </object_component>
      <object_component id="oc-2d7">
         <name>.text</name>
         <load_address>0x4c8c</load_address>
         <run_address>0x4c8c</run_address>
         <size>0xc8</size>
         <input_file_ref idref="fl-f1"/>
      </object_component>
      <object_component id="oc-235">
         <name>.text</name>
         <load_address>0x4d54</load_address>
         <run_address>0x4d54</run_address>
         <size>0xbc</size>
         <input_file_ref idref="fl-e3"/>
      </object_component>
      <object_component id="oc-19d">
         <name>.text</name>
         <load_address>0x4e10</load_address>
         <run_address>0x4e10</run_address>
         <size>0xb8</size>
         <input_file_ref idref="fl-ce"/>
      </object_component>
      <object_component id="oc-84">
         <name>.text</name>
         <load_address>0x4ec8</load_address>
         <run_address>0x4ec8</run_address>
         <size>0xa8</size>
         <input_file_ref idref="fl-11"/>
      </object_component>
      <object_component id="oc-3e">
         <name>.text</name>
         <load_address>0x4f70</load_address>
         <run_address>0x4f70</run_address>
         <size>0x9c</size>
         <input_file_ref idref="fl-e0"/>
      </object_component>
      <object_component id="oc-23b">
         <name>.text</name>
         <load_address>0x500c</load_address>
         <run_address>0x500c</run_address>
         <size>0x98</size>
         <input_file_ref idref="fl-f0"/>
      </object_component>
      <object_component id="oc-26e">
         <name>.text:__aeabi_cdcmple</name>
         <load_address>0x50a4</load_address>
         <run_address>0x50a4</run_address>
         <size>0x86</size>
         <input_file_ref idref="fl-d9"/>
      </object_component>
      <object_component id="oc-273">
         <name>.text:__aeabi_cdrcmple</name>
         <load_address>0x512a</load_address>
         <run_address>0x512a</run_address>
         <size>0x86</size>
         <input_file_ref idref="fl-d9"/>
      </object_component>
      <object_component id="oc-4a">
         <name>.text</name>
         <load_address>0x51b0</load_address>
         <run_address>0x51b0</run_address>
         <size>0x7a</size>
         <input_file_ref idref="fl-e1"/>
      </object_component>
      <object_component id="oc-62">
         <name>.text</name>
         <load_address>0x522c</load_address>
         <run_address>0x522c</run_address>
         <size>0x70</size>
         <input_file_ref idref="fl-ee"/>
      </object_component>
      <object_component id="oc-223">
         <name>.text</name>
         <load_address>0x529c</load_address>
         <run_address>0x529c</run_address>
         <size>0x70</size>
         <input_file_ref idref="fl-de"/>
      </object_component>
      <object_component id="oc-14">
         <name>.text:decompress:lzss</name>
         <load_address>0x530c</load_address>
         <run_address>0x530c</run_address>
         <size>0x68</size>
         <input_file_ref idref="fl-d0"/>
      </object_component>
      <object_component id="oc-2b0">
         <name>.text</name>
         <load_address>0x5374</load_address>
         <run_address>0x5374</run_address>
         <size>0x68</size>
         <input_file_ref idref="fl-f3"/>
      </object_component>
      <object_component id="oc-2bc">
         <name>.text</name>
         <load_address>0x53dc</load_address>
         <run_address>0x53dc</run_address>
         <size>0x68</size>
         <input_file_ref idref="fl-f6"/>
      </object_component>
      <object_component id="oc-323">
         <name>.text</name>
         <load_address>0x5444</load_address>
         <run_address>0x5444</run_address>
         <size>0x68</size>
         <input_file_ref idref="fl-ff"/>
      </object_component>
      <object_component id="oc-298">
         <name>.text</name>
         <load_address>0x54ac</load_address>
         <run_address>0x54ac</run_address>
         <size>0x60</size>
         <input_file_ref idref="fl-f4"/>
      </object_component>
      <object_component id="oc-2dd">
         <name>.text</name>
         <load_address>0x550c</load_address>
         <run_address>0x550c</run_address>
         <size>0x5c</size>
         <input_file_ref idref="fl-101"/>
      </object_component>
      <object_component id="oc-2a4">
         <name>.text</name>
         <load_address>0x5568</load_address>
         <run_address>0x5568</run_address>
         <size>0x58</size>
         <input_file_ref idref="fl-f5"/>
      </object_component>
      <object_component id="oc-2aa">
         <name>.text</name>
         <load_address>0x55c0</load_address>
         <run_address>0x55c0</run_address>
         <size>0x58</size>
         <input_file_ref idref="fl-f8"/>
      </object_component>
      <object_component id="oc-26">
         <name>.text</name>
         <load_address>0x5618</load_address>
         <run_address>0x5618</run_address>
         <size>0x54</size>
         <input_file_ref idref="fl-cf"/>
      </object_component>
      <object_component id="oc-6e">
         <name>.text</name>
         <load_address>0x566c</load_address>
         <run_address>0x566c</run_address>
         <size>0x54</size>
         <input_file_ref idref="fl-d7"/>
      </object_component>
      <object_component id="oc-bb">
         <name>.text</name>
         <load_address>0x56c0</load_address>
         <run_address>0x56c0</run_address>
         <size>0x4c</size>
         <input_file_ref idref="fl-ef"/>
      </object_component>
      <object_component id="oc-1f2">
         <name>.text</name>
         <load_address>0x570c</load_address>
         <run_address>0x570c</run_address>
         <size>0x44</size>
         <input_file_ref idref="fl-dc"/>
      </object_component>
      <object_component id="oc-29e">
         <name>.text</name>
         <load_address>0x5750</load_address>
         <run_address>0x5750</run_address>
         <size>0x44</size>
         <input_file_ref idref="fl-f2"/>
      </object_component>
      <object_component id="oc-2b6">
         <name>.text</name>
         <load_address>0x5794</load_address>
         <run_address>0x5794</run_address>
         <size>0x44</size>
         <input_file_ref idref="fl-f7"/>
      </object_component>
      <object_component id="oc-f5">
         <name>.text</name>
         <load_address>0x57d8</load_address>
         <run_address>0x57d8</run_address>
         <size>0x40</size>
         <input_file_ref idref="fl-f"/>
      </object_component>
      <object_component id="oc-229">
         <name>.text</name>
         <load_address>0x5818</load_address>
         <run_address>0x5818</run_address>
         <size>0x36</size>
         <input_file_ref idref="fl-ea"/>
      </object_component>
      <object_component id="oc-1dd">
         <name>.text</name>
         <load_address>0x584e</load_address>
         <run_address>0x584e</run_address>
         <size>0x2e</size>
         <input_file_ref idref="fl-df"/>
      </object_component>
      <object_component id="oc-2e3">
         <name>.text</name>
         <load_address>0x587c</load_address>
         <run_address>0x587c</run_address>
         <size>0x2c</size>
         <input_file_ref idref="fl-100"/>
      </object_component>
      <object_component id="oc-34a">
         <name>.text</name>
         <load_address>0x58a8</load_address>
         <run_address>0x58a8</run_address>
         <size>0x28</size>
         <input_file_ref idref="fl-eb"/>
      </object_component>
      <object_component id="oc-e9">
         <name>.text</name>
         <load_address>0x58d0</load_address>
         <run_address>0x58d0</run_address>
         <size>0x24</size>
         <input_file_ref idref="fl-5"/>
      </object_component>
      <object_component id="oc-68">
         <name>.text</name>
         <load_address>0x58f4</load_address>
         <run_address>0x58f4</run_address>
         <size>0x18</size>
         <input_file_ref idref="fl-ed"/>
      </object_component>
      <object_component id="oc-288">
         <name>.text</name>
         <load_address>0x590c</load_address>
         <run_address>0x590c</run_address>
         <size>0x18</size>
         <input_file_ref idref="fl-e9"/>
      </object_component>
      <object_component id="oc-28e">
         <name>.text</name>
         <load_address>0x5924</load_address>
         <run_address>0x5924</run_address>
         <size>0x16</size>
         <input_file_ref idref="fl-e8"/>
      </object_component>
      <object_component id="oc-17e">
         <name>.text</name>
         <load_address>0x593c</load_address>
         <run_address>0x593c</run_address>
         <size>0x14</size>
         <input_file_ref idref="fl-ec"/>
      </object_component>
      <object_component id="oc-306">
         <name>.text</name>
         <load_address>0x5950</load_address>
         <run_address>0x5950</run_address>
         <size>0x14</size>
         <input_file_ref idref="fl-fb"/>
      </object_component>
      <object_component id="oc-337">
         <name>.text</name>
         <load_address>0x5964</load_address>
         <run_address>0x5964</run_address>
         <size>0x14</size>
         <input_file_ref idref="fl-fd"/>
      </object_component>
      <object_component id="oc-31d">
         <name>.text</name>
         <load_address>0x5978</load_address>
         <run_address>0x5978</run_address>
         <size>0x14</size>
         <input_file_ref idref="fl-fe"/>
      </object_component>
      <object_component id="oc-1a">
         <name>.text:decompress:none</name>
         <load_address>0x598c</load_address>
         <run_address>0x598c</run_address>
         <size>0xe</size>
         <input_file_ref idref="fl-d1"/>
      </object_component>
      <object_component id="oc-78">
         <name>.text</name>
         <load_address>0x599a</load_address>
         <run_address>0x599a</run_address>
         <size>0xe</size>
         <input_file_ref idref="fl-13"/>
      </object_component>
      <object_component id="oc-20">
         <name>.text:decompress:ZI</name>
         <load_address>0x59a8</load_address>
         <run_address>0x59a8</run_address>
         <size>0xc</size>
         <input_file_ref idref="fl-d2"/>
      </object_component>
      <object_component id="oc-5c">
         <name>.text</name>
         <load_address>0x59b4</load_address>
         <run_address>0x59b4</run_address>
         <size>0x4</size>
         <input_file_ref idref="fl-e4"/>
      </object_component>
      <object_component id="oc-26b">
         <name>.const:$O1$$</name>
         <load_address>0x59b8</load_address>
         <run_address>0x59b8</run_address>
         <size>0x30</size>
         <input_file_ref idref="fl-d4"/>
      </object_component>
      <object_component id="oc-3b0">
         <name>.cinit..data.load</name>
         <load_address>0x59e8</load_address>
         <run_address>0x59e8</run_address>
         <size>0x82</size>
      </object_component>
      <object_component id="oc-3ae">
         <name>__TI_handler_table</name>
         <load_address>0x5a6c</load_address>
         <run_address>0x5a6c</run_address>
         <size>0xc</size>
      </object_component>
      <object_component id="oc-3b1">
         <name>.cinit..bss.load</name>
         <load_address>0x5a78</load_address>
         <run_address>0x5a78</run_address>
         <size>0x8</size>
      </object_component>
      <object_component id="oc-3af">
         <name>__TI_cinit_table</name>
         <load_address>0x5a80</load_address>
         <run_address>0x5a80</run_address>
         <size>0x10</size>
      </object_component>
      <object_component id="oc-38b">
         <name>.binit</name>
         <load_address>0x0</load_address>
         <run_address>0x0</run_address>
         <size>0x0</size>
      </object_component>
      <object_component id="oc-194">
         <name>.data</name>
         <load_address>0x20003b50</load_address>
         <run_address>0x20003b50</run_address>
         <size>0x18</size>
         <input_file_ref idref="fl-4"/>
      </object_component>
      <object_component id="oc-fb">
         <name>.data</name>
         <load_address>0x20003b78</load_address>
         <run_address>0x20003b78</run_address>
         <size>0xd</size>
         <input_file_ref idref="fl-a"/>
      </object_component>
      <object_component id="oc-148">
         <name>.data</name>
         <load_address>0x20003ba8</load_address>
         <run_address>0x20003ba8</run_address>
         <size>0x8</size>
         <input_file_ref idref="fl-10"/>
      </object_component>
      <object_component id="oc-18a">
         <name>.data</name>
         <load_address>0x20003bc4</load_address>
         <run_address>0x20003bc4</run_address>
         <size>0x4</size>
         <input_file_ref idref="fl-14"/>
      </object_component>
      <object_component id="oc-22f">
         <name>.data</name>
         <load_address>0x20003bb0</load_address>
         <run_address>0x20003bb0</run_address>
         <size>0x4</size>
         <input_file_ref idref="fl-ce"/>
      </object_component>
      <object_component id="oc-1af">
         <name>.data:_ftable</name>
         <load_address>0x20003998</load_address>
         <run_address>0x20003998</run_address>
         <size>0xf0</size>
         <input_file_ref idref="fl-d3"/>
      </object_component>
      <object_component id="oc-241">
         <name>.data</name>
         <load_address>0x20003b68</load_address>
         <run_address>0x20003b68</run_address>
         <size>0x10</size>
         <input_file_ref idref="fl-d3"/>
      </object_component>
      <object_component id="oc-263">
         <name>.data</name>
         <load_address>0x20003bb4</load_address>
         <run_address>0x20003bb4</run_address>
         <size>0x4</size>
         <input_file_ref idref="fl-d6"/>
      </object_component>
      <object_component id="oc-cb">
         <name>.data:$O1$$</name>
         <load_address>0x20003b88</load_address>
         <run_address>0x20003b88</run_address>
         <size>0xc</size>
         <input_file_ref idref="fl-d7"/>
      </object_component>
      <object_component id="oc-244">
         <name>.data</name>
         <load_address>0x20003bb8</load_address>
         <run_address>0x20003bb8</run_address>
         <size>0x4</size>
         <input_file_ref idref="fl-dd"/>
      </object_component>
      <object_component id="oc-2d1">
         <name>.data</name>
         <load_address>0x20003bbc</load_address>
         <run_address>0x20003bbc</run_address>
         <size>0x4</size>
         <input_file_ref idref="fl-e3"/>
      </object_component>
      <object_component id="oc-74">
         <name>.data</name>
         <load_address>0x20003bc0</load_address>
         <run_address>0x20003bc0</run_address>
         <size>0x4</size>
         <input_file_ref idref="fl-e7"/>
      </object_component>
      <object_component id="oc-230">
         <name>.data:_device</name>
         <load_address>0x20003a88</load_address>
         <run_address>0x20003a88</run_address>
         <size>0x78</size>
         <input_file_ref idref="fl-eb"/>
      </object_component>
      <object_component id="oc-2d2">
         <name>.data:_stream</name>
         <load_address>0x20003b00</load_address>
         <run_address>0x20003b00</run_address>
         <size>0x50</size>
         <input_file_ref idref="fl-eb"/>
      </object_component>
      <object_component id="oc-ce">
         <name>.data:$O1$$</name>
         <load_address>0x20003ba0</load_address>
         <run_address>0x20003ba0</run_address>
         <size>0x8</size>
         <input_file_ref idref="fl-ec"/>
      </object_component>
      <object_component id="oc-2f5">
         <name>.data:$O1$$</name>
         <load_address>0x20003b94</load_address>
         <run_address>0x20003b94</run_address>
         <size>0xc</size>
         <input_file_ref idref="fl-f9"/>
      </object_component>
      <object_component id="oc-365">
         <name>.bss:_CIOBUF_</name>
         <uninitialized>true</uninitialized>
         <run_address>0x20003200</run_address>
         <size>0x120</size>
         <input_file_ref idref="fl-ff"/>
      </object_component>
      <object_component id="oc-152">
         <name>.common:Port4Task</name>
         <uninitialized>true</uninitialized>
         <run_address>0x20003554</run_address>
         <size>0x4</size>
      </object_component>
      <object_component id="oc-150">
         <name>.common:Messageindexc</name>
         <uninitialized>true</uninitialized>
         <run_address>0x20003548</run_address>
         <size>0x4</size>
      </object_component>
      <object_component id="oc-14d">
         <name>.common:Messagec</name>
         <uninitialized>true</uninitialized>
         <run_address>0x2000350c</run_address>
         <size>0x8</size>
      </object_component>
      <object_component id="oc-18e">
         <name>.common:TxFifo0</name>
         <uninitialized>true</uninitialized>
         <run_address>0x20003442</run_address>
         <size>0x82</size>
      </object_component>
      <object_component id="oc-192">
         <name>.common:RxFifo0</name>
         <uninitialized>true</uninitialized>
         <run_address>0x200033c0</run_address>
         <size>0x82</size>
      </object_component>
      <object_component id="oc-191">
         <name>.common:TxHistogram</name>
         <uninitialized>true</uninitialized>
         <run_address>0x20003000</run_address>
         <size>0x200</size>
      </object_component>
      <object_component id="oc-102">
         <name>.common:Size</name>
         <uninitialized>true</uninitialized>
         <run_address>0x20003564</run_address>
         <size>0x4</size>
      </object_component>
      <object_component id="oc-1d3">
         <name>.common:x</name>
         <uninitialized>true</uninitialized>
         <run_address>0x20000000</run_address>
         <size>0x1000</size>
      </object_component>
      <object_component id="oc-1d2">
         <name>.common:Pt</name>
         <uninitialized>true</uninitialized>
         <run_address>0x20003558</run_address>
         <size>0x4</size>
      </object_component>
      <object_component id="oc-1d5">
         <name>.common:I1</name>
         <uninitialized>true</uninitialized>
         <run_address>0x20003530</run_address>
         <size>0x4</size>
      </object_component>
      <object_component id="oc-1d4">
         <name>.common:LPFSum</name>
         <uninitialized>true</uninitialized>
         <run_address>0x20003534</run_address>
         <size>0x4</size>
      </object_component>
      <object_component id="oc-1d7">
         <name>.common:x2</name>
         <uninitialized>true</uninitialized>
         <run_address>0x20001000</run_address>
         <size>0x1000</size>
      </object_component>
      <object_component id="oc-1d6">
         <name>.common:Pt2</name>
         <uninitialized>true</uninitialized>
         <run_address>0x2000355c</run_address>
         <size>0x4</size>
      </object_component>
      <object_component id="oc-1d8">
         <name>.common:LPFSum2</name>
         <uninitialized>true</uninitialized>
         <run_address>0x20003538</run_address>
         <size>0x4</size>
      </object_component>
      <object_component id="oc-1da">
         <name>.common:x3</name>
         <uninitialized>true</uninitialized>
         <run_address>0x20002000</run_address>
         <size>0x1000</size>
      </object_component>
      <object_component id="oc-1d9">
         <name>.common:Pt3</name>
         <uninitialized>true</uninitialized>
         <run_address>0x20003560</run_address>
         <size>0x4</size>
      </object_component>
      <object_component id="oc-1db">
         <name>.common:LPFSum3</name>
         <uninitialized>true</uninitialized>
         <run_address>0x2000353c</run_address>
         <size>0x4</size>
      </object_component>
      <object_component id="oc-101">
         <name>.common:WriteData</name>
         <uninitialized>true</uninitialized>
         <run_address>0x20003593</run_address>
         <size>0x1</size>
      </object_component>
      <object_component id="oc-fc">
         <name>.common:ReadData</name>
         <uninitialized>true</uninitialized>
         <run_address>0x20003592</run_address>
         <size>0x1</size>
      </object_component>
      <object_component id="oc-ff">
         <name>.common:NumSuccess</name>
         <uninitialized>true</uninitialized>
         <run_address>0x20003550</run_address>
         <size>0x4</size>
      </object_component>
      <object_component id="oc-100">
         <name>.common:NumErrors</name>
         <uninitialized>true</uninitialized>
         <run_address>0x2000354c</run_address>
         <size>0x4</size>
      </object_component>
      <object_component id="oc-10c">
         <name>.common:String</name>
         <uninitialized>true</uninitialized>
         <run_address>0x200034c4</run_address>
         <size>0x40</size>
      </object_component>
      <object_component id="oc-10b">
         <name>.common:MaxTime</name>
         <uninitialized>true</uninitialized>
         <run_address>0x20003540</run_address>
         <size>0x4</size>
      </object_component>
      <object_component id="oc-10d">
         <name>.common:First</name>
         <uninitialized>true</uninitialized>
         <run_address>0x2000352c</run_address>
         <size>0x4</size>
      </object_component>
      <object_component id="oc-10e">
         <name>.common:Elapsed</name>
         <uninitialized>true</uninitialized>
         <run_address>0x20003528</run_address>
         <size>0x4</size>
      </object_component>
      <object_component id="oc-11b">
         <name>.common:Period0</name>
         <uninitialized>true</uninitialized>
         <run_address>0x2000358c</run_address>
         <size>0x2</size>
      </object_component>
      <object_component id="oc-11c">
         <name>.common:First0</name>
         <uninitialized>true</uninitialized>
         <run_address>0x20003588</run_address>
         <size>0x2</size>
      </object_component>
      <object_component id="oc-11d">
         <name>.common:Done0</name>
         <uninitialized>true</uninitialized>
         <run_address>0x20003520</run_address>
         <size>0x4</size>
      </object_component>
      <object_component id="oc-12a">
         <name>.common:Period2</name>
         <uninitialized>true</uninitialized>
         <run_address>0x2000358e</run_address>
         <size>0x2</size>
      </object_component>
      <object_component id="oc-12b">
         <name>.common:First2</name>
         <uninitialized>true</uninitialized>
         <run_address>0x2000358a</run_address>
         <size>0x2</size>
      </object_component>
      <object_component id="oc-12c">
         <name>.common:Done2</name>
         <uninitialized>true</uninitialized>
         <run_address>0x20003524</run_address>
         <size>0x4</size>
      </object_component>
      <object_component id="oc-12d">
         <name>.common:reflectance_data</name>
         <uninitialized>true</uninitialized>
         <run_address>0x20003594</run_address>
         <size>0x1</size>
      </object_component>
      <object_component id="oc-12e">
         <name>.common:CollisionData</name>
         <uninitialized>true</uninitialized>
         <run_address>0x20003590</run_address>
         <size>0x1</size>
      </object_component>
      <object_component id="oc-12f">
         <name>.common:CollisionFlag</name>
         <uninitialized>true</uninitialized>
         <run_address>0x20003591</run_address>
         <size>0x1</size>
      </object_component>
      <object_component id="oc-133">
         <name>.common:ADCflag</name>
         <uninitialized>true</uninitialized>
         <run_address>0x2000351c</run_address>
         <size>0x4</size>
      </object_component>
      <object_component id="oc-135">
         <name>.common:raw17</name>
         <uninitialized>true</uninitialized>
         <run_address>0x20003580</run_address>
         <size>0x4</size>
      </object_component>
      <object_component id="oc-136">
         <name>.common:raw12</name>
         <uninitialized>true</uninitialized>
         <run_address>0x20003578</run_address>
         <size>0x4</size>
      </object_component>
      <object_component id="oc-137">
         <name>.common:raw16</name>
         <uninitialized>true</uninitialized>
         <run_address>0x2000357c</run_address>
         <size>0x4</size>
      </object_component>
      <object_component id="oc-134">
         <name>.common:s</name>
         <uninitialized>true</uninitialized>
         <run_address>0x20003584</run_address>
         <size>0x4</size>
      </object_component>
      <object_component id="oc-130">
         <name>.common:nr</name>
         <uninitialized>true</uninitialized>
         <run_address>0x20003574</run_address>
         <size>0x4</size>
      </object_component>
      <object_component id="oc-131">
         <name>.common:nc</name>
         <uninitialized>true</uninitialized>
         <run_address>0x2000356c</run_address>
         <size>0x4</size>
      </object_component>
      <object_component id="oc-132">
         <name>.common:nl</name>
         <uninitialized>true</uninitialized>
         <run_address>0x20003570</run_address>
         <size>0x4</size>
      </object_component>
      <object_component id="oc-144">
         <name>.common:TimerA1Task</name>
         <uninitialized>true</uninitialized>
         <run_address>0x20003568</run_address>
         <size>0x4</size>
      </object_component>
      <object_component id="oc-19c">
         <name>.common:Messageindexb</name>
         <uninitialized>true</uninitialized>
         <run_address>0x20003544</run_address>
         <size>0x4</size>
      </object_component>
      <object_component id="oc-199">
         <name>.common:Messageb</name>
         <uninitialized>true</uninitialized>
         <run_address>0x20003504</run_address>
         <size>0x8</size>
      </object_component>
      <object_component id="oc-2e9">
         <name>.common:__TI_tmpnams</name>
         <uninitialized>true</uninitialized>
         <run_address>0x20003320</run_address>
         <size>0xa0</size>
      </object_component>
      <object_component id="oc-329">
         <name>.common:parmbuf</name>
         <uninitialized>true</uninitialized>
         <run_address>0x20003514</run_address>
         <size>0x8</size>
      </object_component>
      <object_component id="oc-30">
         <name>.sysmem</name>
         <uninitialized>true</uninitialized>
         <run_address>0x20003598</run_address>
         <size>0x8</size>
         <input_file_ref idref="fl-f9"/>
      </object_component>
      <object_component id="oc-3b3">
         <name>.sysmem</name>
         <uninitialized>true</uninitialized>
         <run_address>0x20003598</run_address>
         <size>0x0</size>
      </object_component>
      <object_component id="oc-2f">
         <name>.stack</name>
         <uninitialized>true</uninitialized>
         <run_address>0x2000fe00</run_address>
         <size>0x0</size>
         <input_file_ref idref="fl-cf"/>
      </object_component>
      <object_component id="oc-3b2">
         <name>.stack</name>
         <uninitialized>true</uninitialized>
         <run_address>0x2000fe00</run_address>
         <size>0x0</size>
      </object_component>
      <object_component id="oc-1d1">
         <name>.debug_info</name>
         <load_address>0x0</load_address>
         <run_address>0x0</run_address>
         <size>0x524</size>
         <input_file_ref idref="fl-2"/>
      </object_component>
      <object_component id="oc-11f">
         <name>.debug_info</name>
         <load_address>0x524</load_address>
         <run_address>0x524</run_address>
         <size>0x55f</size>
         <input_file_ref idref="fl-2"/>
      </object_component>
      <object_component id="oc-1bb">
         <name>.debug_info</name>
         <load_address>0xa83</load_address>
         <run_address>0xa83</run_address>
         <size>0x37e2</size>
         <input_file_ref idref="fl-2"/>
      </object_component>
      <object_component id="oc-1c0">
         <name>.debug_info</name>
         <load_address>0x4265</load_address>
         <run_address>0x4265</run_address>
         <size>0x1055</size>
         <input_file_ref idref="fl-2"/>
      </object_component>
      <object_component id="oc-39">
         <name>.debug_info</name>
         <load_address>0x52ba</load_address>
         <run_address>0x52ba</run_address>
         <size>0x84</size>
         <input_file_ref idref="fl-2"/>
      </object_component>
      <object_component id="oc-13f">
         <name>.debug_info</name>
         <load_address>0x533e</load_address>
         <run_address>0x533e</run_address>
         <size>0x18b</size>
         <input_file_ref idref="fl-2"/>
      </object_component>
      <object_component id="oc-153">
         <name>.debug_info</name>
         <load_address>0x54c9</load_address>
         <run_address>0x54c9</run_address>
         <size>0x555</size>
         <input_file_ref idref="fl-3"/>
      </object_component>
      <object_component id="oc-97">
         <name>.debug_info</name>
         <load_address>0x5a1e</load_address>
         <run_address>0x5a1e</run_address>
         <size>0x36e</size>
         <input_file_ref idref="fl-3"/>
      </object_component>
      <object_component id="oc-195">
         <name>.debug_info</name>
         <load_address>0x5d8c</load_address>
         <run_address>0x5d8c</run_address>
         <size>0x18c</size>
         <input_file_ref idref="fl-4"/>
      </object_component>
      <object_component id="oc-e7">
         <name>.debug_info</name>
         <load_address>0x5f18</load_address>
         <run_address>0x5f18</run_address>
         <size>0x378</size>
         <input_file_ref idref="fl-4"/>
      </object_component>
      <object_component id="oc-eb">
         <name>.debug_info</name>
         <load_address>0x6290</load_address>
         <run_address>0x6290</run_address>
         <size>0x339</size>
         <input_file_ref idref="fl-5"/>
      </object_component>
      <object_component id="oc-14e">
         <name>.debug_info</name>
         <load_address>0x65c9</load_address>
         <run_address>0x65c9</run_address>
         <size>0x670</size>
         <input_file_ref idref="fl-6"/>
      </object_component>
      <object_component id="oc-91">
         <name>.debug_info</name>
         <load_address>0x6c39</load_address>
         <run_address>0x6c39</run_address>
         <size>0x10b5</size>
         <input_file_ref idref="fl-6"/>
      </object_component>
      <object_component id="oc-18f">
         <name>.debug_info</name>
         <load_address>0x7cee</load_address>
         <run_address>0x7cee</run_address>
         <size>0x2da</size>
         <input_file_ref idref="fl-7"/>
      </object_component>
      <object_component id="oc-de">
         <name>.debug_info</name>
         <load_address>0x7fc8</load_address>
         <run_address>0x7fc8</run_address>
         <size>0x567</size>
         <input_file_ref idref="fl-7"/>
      </object_component>
      <object_component id="oc-215">
         <name>.debug_info</name>
         <load_address>0x852f</load_address>
         <run_address>0x852f</run_address>
         <size>0x76</size>
         <input_file_ref idref="fl-7"/>
      </object_component>
      <object_component id="oc-139">
         <name>.debug_info</name>
         <load_address>0x85a5</load_address>
         <run_address>0x85a5</run_address>
         <size>0x455</size>
         <input_file_ref idref="fl-8"/>
      </object_component>
      <object_component id="oc-103">
         <name>.debug_info</name>
         <load_address>0x89fa</load_address>
         <run_address>0x89fa</run_address>
         <size>0x63b</size>
         <input_file_ref idref="fl-9"/>
      </object_component>
      <object_component id="oc-125">
         <name>.debug_info</name>
         <load_address>0x9035</load_address>
         <run_address>0x9035</run_address>
         <size>0x662</size>
         <input_file_ref idref="fl-9"/>
      </object_component>
      <object_component id="oc-fd">
         <name>.debug_info</name>
         <load_address>0x9697</load_address>
         <run_address>0x9697</run_address>
         <size>0x116f</size>
         <input_file_ref idref="fl-a"/>
      </object_component>
      <object_component id="oc-7f">
         <name>.debug_info</name>
         <load_address>0xa806</load_address>
         <run_address>0xa806</run_address>
         <size>0x26a1</size>
         <input_file_ref idref="fl-a"/>
      </object_component>
      <object_component id="oc-b2">
         <name>.debug_info</name>
         <load_address>0xcea7</load_address>
         <run_address>0xcea7</run_address>
         <size>0x2c</size>
         <input_file_ref idref="fl-a"/>
      </object_component>
      <object_component id="oc-109">
         <name>.debug_info</name>
         <load_address>0xced3</load_address>
         <run_address>0xced3</run_address>
         <size>0x316</size>
         <input_file_ref idref="fl-b"/>
      </object_component>
      <object_component id="oc-110">
         <name>.debug_info</name>
         <load_address>0xd1e9</load_address>
         <run_address>0xd1e9</run_address>
         <size>0x89b</size>
         <input_file_ref idref="fl-c"/>
      </object_component>
      <object_component id="oc-1c9">
         <name>.debug_info</name>
         <load_address>0xda84</load_address>
         <run_address>0xda84</run_address>
         <size>0x651</size>
         <input_file_ref idref="fl-d"/>
      </object_component>
      <object_component id="oc-116">
         <name>.debug_info</name>
         <load_address>0xe0d5</load_address>
         <run_address>0xe0d5</run_address>
         <size>0x76f</size>
         <input_file_ref idref="fl-e"/>
      </object_component>
      <object_component id="oc-f6">
         <name>.debug_info</name>
         <load_address>0xe844</load_address>
         <run_address>0xe844</run_address>
         <size>0x1a5</size>
         <input_file_ref idref="fl-f"/>
      </object_component>
      <object_component id="oc-14c">
         <name>.debug_info</name>
         <load_address>0xe9e9</load_address>
         <run_address>0xe9e9</run_address>
         <size>0x53a</size>
         <input_file_ref idref="fl-10"/>
      </object_component>
      <object_component id="oc-149">
         <name>.debug_info</name>
         <load_address>0xef23</load_address>
         <run_address>0xef23</run_address>
         <size>0x114</size>
         <input_file_ref idref="fl-10"/>
      </object_component>
      <object_component id="oc-8c">
         <name>.debug_info</name>
         <load_address>0xf037</load_address>
         <run_address>0xf037</run_address>
         <size>0x377</size>
         <input_file_ref idref="fl-10"/>
      </object_component>
      <object_component id="oc-145">
         <name>.debug_info</name>
         <load_address>0xf3ae</load_address>
         <run_address>0xf3ae</run_address>
         <size>0x567</size>
         <input_file_ref idref="fl-11"/>
      </object_component>
      <object_component id="oc-85">
         <name>.debug_info</name>
         <load_address>0xf915</load_address>
         <run_address>0xf915</run_address>
         <size>0x2ea</size>
         <input_file_ref idref="fl-11"/>
      </object_component>
      <object_component id="oc-19a">
         <name>.debug_info</name>
         <load_address>0xfbff</load_address>
         <run_address>0xfbff</run_address>
         <size>0x762</size>
         <input_file_ref idref="fl-12"/>
      </object_component>
      <object_component id="oc-f0">
         <name>.debug_info</name>
         <load_address>0x10361</load_address>
         <run_address>0x10361</run_address>
         <size>0x1748</size>
         <input_file_ref idref="fl-12"/>
      </object_component>
      <object_component id="oc-21e">
         <name>.debug_info</name>
         <load_address>0x11aa9</load_address>
         <run_address>0x11aa9</run_address>
         <size>0xc8</size>
         <input_file_ref idref="fl-12"/>
      </object_component>
      <object_component id="oc-1b3">
         <name>.debug_info</name>
         <load_address>0x11b71</load_address>
         <run_address>0x11b71</run_address>
         <size>0x2c</size>
         <input_file_ref idref="fl-12"/>
      </object_component>
      <object_component id="oc-9e">
         <name>.debug_info</name>
         <load_address>0x11b9d</load_address>
         <run_address>0x11b9d</run_address>
         <size>0x2a9</size>
         <input_file_ref idref="fl-13"/>
      </object_component>
      <object_component id="oc-2d">
         <name>.debug_info</name>
         <load_address>0x11e46</load_address>
         <run_address>0x11e46</run_address>
         <size>0xe7</size>
         <input_file_ref idref="fl-13"/>
      </object_component>
      <object_component id="oc-7b">
         <name>.debug_info</name>
         <load_address>0x11f2d</load_address>
         <run_address>0x11f2d</run_address>
         <size>0x1ae</size>
         <input_file_ref idref="fl-13"/>
      </object_component>
      <object_component id="oc-18b">
         <name>.debug_info</name>
         <load_address>0x120db</load_address>
         <run_address>0x120db</run_address>
         <size>0xe0</size>
         <input_file_ref idref="fl-14"/>
      </object_component>
      <object_component id="oc-da">
         <name>.debug_info</name>
         <load_address>0x121bb</load_address>
         <run_address>0x121bb</run_address>
         <size>0x252</size>
         <input_file_ref idref="fl-14"/>
      </object_component>
      <object_component id="oc-234">
         <name>.debug_info</name>
         <load_address>0x1240d</load_address>
         <run_address>0x1240d</run_address>
         <size>0x430</size>
         <input_file_ref idref="fl-ce"/>
      </object_component>
      <object_component id="oc-19f">
         <name>.debug_info</name>
         <load_address>0x1283d</load_address>
         <run_address>0x1283d</run_address>
         <size>0x2d0</size>
         <input_file_ref idref="fl-ce"/>
      </object_component>
      <object_component id="oc-2cc">
         <name>.debug_info</name>
         <load_address>0x12b0d</load_address>
         <run_address>0x12b0d</run_address>
         <size>0xea</size>
         <input_file_ref idref="fl-ce"/>
      </object_component>
      <object_component id="oc-2c7">
         <name>.debug_info</name>
         <load_address>0x12bf7</load_address>
         <run_address>0x12bf7</run_address>
         <size>0x2c</size>
         <input_file_ref idref="fl-ce"/>
      </object_component>
      <object_component id="oc-29">
         <name>.debug_info</name>
         <load_address>0x12c23</load_address>
         <run_address>0x12c23</run_address>
         <size>0x160</size>
         <input_file_ref idref="fl-cf"/>
      </object_component>
      <object_component id="oc-a8">
         <name>.debug_info</name>
         <load_address>0x12d83</load_address>
         <run_address>0x12d83</run_address>
         <size>0x293</size>
         <input_file_ref idref="fl-d0"/>
      </object_component>
      <object_component id="oc-17">
         <name>.debug_info</name>
         <load_address>0x13016</load_address>
         <run_address>0x13016</run_address>
         <size>0x245</size>
         <input_file_ref idref="fl-d0"/>
      </object_component>
      <object_component id="oc-34">
         <name>.debug_info</name>
         <load_address>0x1325b</load_address>
         <run_address>0x1325b</run_address>
         <size>0x60</size>
         <input_file_ref idref="fl-d0"/>
      </object_component>
      <object_component id="oc-a3">
         <name>.debug_info</name>
         <load_address>0x132bb</load_address>
         <run_address>0x132bb</run_address>
         <size>0x46</size>
         <input_file_ref idref="fl-d0"/>
      </object_component>
      <object_component id="oc-49">
         <name>.debug_info</name>
         <load_address>0x13301</load_address>
         <run_address>0x13301</run_address>
         <size>0x2da</size>
         <input_file_ref idref="fl-d1"/>
      </object_component>
      <object_component id="oc-1b">
         <name>.debug_info</name>
         <load_address>0x135db</load_address>
         <run_address>0x135db</run_address>
         <size>0x1df</size>
         <input_file_ref idref="fl-d1"/>
      </object_component>
      <object_component id="oc-44">
         <name>.debug_info</name>
         <load_address>0x137ba</load_address>
         <run_address>0x137ba</run_address>
         <size>0x46</size>
         <input_file_ref idref="fl-d1"/>
      </object_component>
      <object_component id="oc-aa">
         <name>.debug_info</name>
         <load_address>0x13800</load_address>
         <run_address>0x13800</run_address>
         <size>0x2c</size>
         <input_file_ref idref="fl-d1"/>
      </object_component>
      <object_component id="oc-55">
         <name>.debug_info</name>
         <load_address>0x1382c</load_address>
         <run_address>0x1382c</run_address>
         <size>0x2c9</size>
         <input_file_ref idref="fl-d2"/>
      </object_component>
      <object_component id="oc-21">
         <name>.debug_info</name>
         <load_address>0x13af5</load_address>
         <run_address>0x13af5</run_address>
         <size>0x1aa</size>
         <input_file_ref idref="fl-d2"/>
      </object_component>
      <object_component id="oc-50">
         <name>.debug_info</name>
         <load_address>0x13c9f</load_address>
         <run_address>0x13c9f</run_address>
         <size>0x46</size>
         <input_file_ref idref="fl-d2"/>
      </object_component>
      <object_component id="oc-256">
         <name>.debug_info</name>
         <load_address>0x13ce5</load_address>
         <run_address>0x13ce5</run_address>
         <size>0x139</size>
         <input_file_ref idref="fl-d3"/>
      </object_component>
      <object_component id="oc-1b0">
         <name>.debug_info</name>
         <load_address>0x13e1e</load_address>
         <run_address>0x13e1e</run_address>
         <size>0xf7</size>
         <input_file_ref idref="fl-d3"/>
      </object_component>
      <object_component id="oc-242">
         <name>.debug_info</name>
         <load_address>0x13f15</load_address>
         <run_address>0x13f15</run_address>
         <size>0x184</size>
         <input_file_ref idref="fl-d3"/>
      </object_component>
      <object_component id="oc-2f0">
         <name>.debug_info</name>
         <load_address>0x14099</load_address>
         <run_address>0x14099</run_address>
         <size>0xae</size>
         <input_file_ref idref="fl-d3"/>
      </object_component>
      <object_component id="oc-284">
         <name>.debug_info</name>
         <load_address>0x14147</load_address>
         <run_address>0x14147</run_address>
         <size>0x39b</size>
         <input_file_ref idref="fl-d4"/>
      </object_component>
      <object_component id="oc-26c">
         <name>.debug_info</name>
         <load_address>0x144e2</load_address>
         <run_address>0x144e2</run_address>
         <size>0x11d</size>
         <input_file_ref idref="fl-d4"/>
      </object_component>
      <object_component id="oc-1ea">
         <name>.debug_info</name>
         <load_address>0x145ff</load_address>
         <run_address>0x145ff</run_address>
         <size>0xb75</size>
         <input_file_ref idref="fl-d4"/>
      </object_component>
      <object_component id="oc-27f">
         <name>.debug_info</name>
         <load_address>0x15174</load_address>
         <run_address>0x15174</run_address>
         <size>0x39</size>
         <input_file_ref idref="fl-d4"/>
      </object_component>
      <object_component id="oc-2fe">
         <name>.debug_info</name>
         <load_address>0x151ad</load_address>
         <run_address>0x151ad</run_address>
         <size>0x2e3</size>
         <input_file_ref idref="fl-d5"/>
      </object_component>
      <object_component id="oc-260">
         <name>.debug_info</name>
         <load_address>0x15490</load_address>
         <run_address>0x15490</run_address>
         <size>0x240</size>
         <input_file_ref idref="fl-d5"/>
      </object_component>
      <object_component id="oc-264">
         <name>.debug_info</name>
         <load_address>0x156d0</load_address>
         <run_address>0x156d0</run_address>
         <size>0xf3</size>
         <input_file_ref idref="fl-d6"/>
      </object_component>
      <object_component id="oc-d2">
         <name>.debug_info</name>
         <load_address>0x157c3</load_address>
         <run_address>0x157c3</run_address>
         <size>0x3ce</size>
         <input_file_ref idref="fl-d7"/>
      </object_component>
      <object_component id="oc-cc">
         <name>.debug_info</name>
         <load_address>0x15b91</load_address>
         <run_address>0x15b91</run_address>
         <size>0x185</size>
         <input_file_ref idref="fl-d7"/>
      </object_component>
      <object_component id="oc-72">
         <name>.debug_info</name>
         <load_address>0x15d16</load_address>
         <run_address>0x15d16</run_address>
         <size>0x214</size>
         <input_file_ref idref="fl-d7"/>
      </object_component>
      <object_component id="oc-1f0">
         <name>.debug_info</name>
         <load_address>0x15f2a</load_address>
         <run_address>0x15f2a</run_address>
         <size>0x144</size>
         <input_file_ref idref="fl-d8"/>
      </object_component>
      <object_component id="oc-270">
         <name>.debug_info</name>
         <load_address>0x1606e</load_address>
         <run_address>0x1606e</run_address>
         <size>0x120</size>
         <input_file_ref idref="fl-d9"/>
      </object_component>
      <object_component id="oc-276">
         <name>.debug_info</name>
         <load_address>0x1618e</load_address>
         <run_address>0x1618e</run_address>
         <size>0x122</size>
         <input_file_ref idref="fl-d9"/>
      </object_component>
      <object_component id="oc-1e3">
         <name>.debug_info</name>
         <load_address>0x162b0</load_address>
         <run_address>0x162b0</run_address>
         <size>0x132</size>
         <input_file_ref idref="fl-da"/>
      </object_component>
      <object_component id="oc-268">
         <name>.debug_info</name>
         <load_address>0x163e2</load_address>
         <run_address>0x163e2</run_address>
         <size>0x132</size>
         <input_file_ref idref="fl-db"/>
      </object_component>
      <object_component id="oc-1f5">
         <name>.debug_info</name>
         <load_address>0x16514</load_address>
         <run_address>0x16514</run_address>
         <size>0x131</size>
         <input_file_ref idref="fl-dc"/>
      </object_component>
      <object_component id="oc-246">
         <name>.debug_info</name>
         <load_address>0x16645</load_address>
         <run_address>0x16645</run_address>
         <size>0x3d6</size>
         <input_file_ref idref="fl-dd"/>
      </object_component>
      <object_component id="oc-1a5">
         <name>.debug_info</name>
         <load_address>0x16a1b</load_address>
         <run_address>0x16a1b</run_address>
         <size>0x455</size>
         <input_file_ref idref="fl-dd"/>
      </object_component>
      <object_component id="oc-15a">
         <name>.debug_info</name>
         <load_address>0x16e70</load_address>
         <run_address>0x16e70</run_address>
         <size>0x2c</size>
         <input_file_ref idref="fl-dd"/>
      </object_component>
      <object_component id="oc-295">
         <name>.debug_info</name>
         <load_address>0x16e9c</load_address>
         <run_address>0x16e9c</run_address>
         <size>0x417</size>
         <input_file_ref idref="fl-de"/>
      </object_component>
      <object_component id="oc-226">
         <name>.debug_info</name>
         <load_address>0x172b3</load_address>
         <run_address>0x172b3</run_address>
         <size>0x282</size>
         <input_file_ref idref="fl-de"/>
      </object_component>
      <object_component id="oc-1de">
         <name>.debug_info</name>
         <load_address>0x17535</load_address>
         <run_address>0x17535</run_address>
         <size>0x124</size>
         <input_file_ref idref="fl-df"/>
      </object_component>
      <object_component id="oc-41">
         <name>.debug_info</name>
         <load_address>0x17659</load_address>
         <run_address>0x17659</run_address>
         <size>0x111</size>
         <input_file_ref idref="fl-e0"/>
      </object_component>
      <object_component id="oc-4b">
         <name>.debug_info</name>
         <load_address>0x1776a</load_address>
         <run_address>0x1776a</run_address>
         <size>0x13f</size>
         <input_file_ref idref="fl-e1"/>
      </object_component>
      <object_component id="oc-57">
         <name>.debug_info</name>
         <load_address>0x178a9</load_address>
         <run_address>0x178a9</run_address>
         <size>0x138</size>
         <input_file_ref idref="fl-e2"/>
      </object_component>
      <object_component id="oc-2d6">
         <name>.debug_info</name>
         <load_address>0x179e1</load_address>
         <run_address>0x179e1</run_address>
         <size>0x3f7</size>
         <input_file_ref idref="fl-e3"/>
      </object_component>
      <object_component id="oc-236">
         <name>.debug_info</name>
         <load_address>0x17dd8</load_address>
         <run_address>0x17dd8</run_address>
         <size>0x23a</size>
         <input_file_ref idref="fl-e3"/>
      </object_component>
      <object_component id="oc-341">
         <name>.debug_info</name>
         <load_address>0x18012</load_address>
         <run_address>0x18012</run_address>
         <size>0x120</size>
         <input_file_ref idref="fl-e3"/>
      </object_component>
      <object_component id="oc-5e">
         <name>.debug_info</name>
         <load_address>0x18132</load_address>
         <run_address>0x18132</run_address>
         <size>0x148</size>
         <input_file_ref idref="fl-e4"/>
      </object_component>
      <object_component id="oc-30d">
         <name>.debug_info</name>
         <load_address>0x1827a</load_address>
         <run_address>0x1827a</run_address>
         <size>0x316</size>
         <input_file_ref idref="fl-e5"/>
      </object_component>
      <object_component id="oc-27a">
         <name>.debug_info</name>
         <load_address>0x18590</load_address>
         <run_address>0x18590</run_address>
         <size>0x1d5</size>
         <input_file_ref idref="fl-e5"/>
      </object_component>
      <object_component id="oc-30e">
         <name>.debug_info</name>
         <load_address>0x18765</load_address>
         <run_address>0x18765</run_address>
         <size>0x2c</size>
         <input_file_ref idref="fl-e5"/>
      </object_component>
      <object_component id="oc-24e">
         <name>.debug_info</name>
         <load_address>0x18791</load_address>
         <run_address>0x18791</run_address>
         <size>0x35a</size>
         <input_file_ref idref="fl-e6"/>
      </object_component>
      <object_component id="oc-1aa">
         <name>.debug_info</name>
         <load_address>0x18aeb</load_address>
         <run_address>0x18aeb</run_address>
         <size>0x200</size>
         <input_file_ref idref="fl-e6"/>
      </object_component>
      <object_component id="oc-24f">
         <name>.debug_info</name>
         <load_address>0x18ceb</load_address>
         <run_address>0x18ceb</run_address>
         <size>0xbb</size>
         <input_file_ref idref="fl-e6"/>
      </object_component>
      <object_component id="oc-75">
         <name>.debug_info</name>
         <load_address>0x18da6</load_address>
         <run_address>0x18da6</run_address>
         <size>0x109</size>
         <input_file_ref idref="fl-e7"/>
      </object_component>
      <object_component id="oc-318">
         <name>.debug_info</name>
         <load_address>0x18eaf</load_address>
         <run_address>0x18eaf</run_address>
         <size>0x28f</size>
         <input_file_ref idref="fl-e8"/>
      </object_component>
      <object_component id="oc-290">
         <name>.debug_info</name>
         <load_address>0x1913e</load_address>
         <run_address>0x1913e</run_address>
         <size>0x244</size>
         <input_file_ref idref="fl-e8"/>
      </object_component>
      <object_component id="oc-316">
         <name>.debug_info</name>
         <load_address>0x19382</load_address>
         <run_address>0x19382</run_address>
         <size>0x27f</size>
         <input_file_ref idref="fl-e9"/>
      </object_component>
      <object_component id="oc-28c">
         <name>.debug_info</name>
         <load_address>0x19601</load_address>
         <run_address>0x19601</run_address>
         <size>0x258</size>
         <input_file_ref idref="fl-e9"/>
      </object_component>
      <object_component id="oc-297">
         <name>.debug_info</name>
         <load_address>0x19859</load_address>
         <run_address>0x19859</run_address>
         <size>0x290</size>
         <input_file_ref idref="fl-ea"/>
      </object_component>
      <object_component id="oc-22b">
         <name>.debug_info</name>
         <load_address>0x19ae9</load_address>
         <run_address>0x19ae9</run_address>
         <size>0x259</size>
         <input_file_ref idref="fl-ea"/>
      </object_component>
      <object_component id="oc-2c4">
         <name>.debug_info</name>
         <load_address>0x19d42</load_address>
         <run_address>0x19d42</run_address>
         <size>0x4c5</size>
         <input_file_ref idref="fl-eb"/>
      </object_component>
      <object_component id="oc-231">
         <name>.debug_info</name>
         <load_address>0x1a207</load_address>
         <run_address>0x1a207</run_address>
         <size>0xf8</size>
         <input_file_ref idref="fl-eb"/>
      </object_component>
      <object_component id="oc-2d3">
         <name>.debug_info</name>
         <load_address>0x1a2ff</load_address>
         <run_address>0x1a2ff</run_address>
         <size>0xf8</size>
         <input_file_ref idref="fl-eb"/>
      </object_component>
      <object_component id="oc-34b">
         <name>.debug_info</name>
         <load_address>0x1a3f7</load_address>
         <run_address>0x1a3f7</run_address>
         <size>0x184</size>
         <input_file_ref idref="fl-eb"/>
      </object_component>
      <object_component id="oc-186">
[...]
      </symbol>
      <symbol id="sm-6a7">
         <name>errno</name>
         <value>0x20003bb4</value>
         <object_component_ref idref="oc-263"/>
      </symbol>
      <symbol id="sm-6c8">
         <name>C$$EXIT</name>
         <value>0x566d</value>
         <object_component_ref idref="oc-6e"/>
      </symbol>
      <symbol id="sm-6c9">
         <name>abort</name>
         <value>0x5671</value>
         <object_component_ref idref="oc-6e"/>
      </symbol>
      <symbol id="sm-6ca">
         <name>exit</name>
         <value>0x5679</value>
         <object_component_ref idref="oc-6e"/>
      </symbol>
      <symbol id="sm-6cb">
         <name>__TI_dtors_ptr</name>
         <value>0x20003b8c</value>
         <object_component_ref idref="oc-cb"/>
      </symbol>
      <symbol id="sm-6cc">
         <name>__TI_cleanup_ptr</name>
         <value>0x20003b88</value>
         <object_component_ref idref="oc-cb"/>
      </symbol>
      <symbol id="sm-6cd">
         <name>__TI_enable_exit_profile_output</name>
         <value>0x20003b90</value>
         <object_component_ref idref="oc-cb"/>
      </symbol>
      <symbol id="sm-6e4">
         <name>__aeabi_dsub</name>
         <value>0x3f71</value>
         <object_component_ref idref="oc-1ed"/>
      </symbol>
      <symbol id="sm-6e5">
         <name>__aeabi_dadd</name>
         <value>0x3f7b</value>
         <object_component_ref idref="oc-1ed"/>
      </symbol>
      <symbol id="sm-707">
         <name>__aeabi_cdcmpeq</name>
         <value>0x50a5</value>
         <object_component_ref idref="oc-26e"/>
      </symbol>
      <symbol id="sm-708">
         <name>__aeabi_cdcmple</name>
         <value>0x50a5</value>
         <object_component_ref idref="oc-26e"/>
      </symbol>
      <symbol id="sm-709">
         <name>__aeabi_cdrcmple</name>
         <value>0x512b</value>
         <object_component_ref idref="oc-273"/>
      </symbol>
      <symbol id="sm-71d">
         <name>__aeabi_ddiv</name>
         <value>0x4545</value>
         <object_component_ref idref="oc-1e2"/>
      </symbol>
      <symbol id="sm-728">
         <name>__aeabi_dmul</name>
         <value>0x48c5</value>
         <object_component_ref idref="oc-266"/>
      </symbol>
      <symbol id="sm-732">
         <name>__aeabi_d2uiz</name>
         <value>0x570d</value>
         <object_component_ref idref="oc-1f2"/>
      </symbol>
      <symbol id="sm-769">
         <name>__TI_cleanup</name>
         <value>0x3e75</value>
         <object_component_ref idref="oc-1a3"/>
      </symbol>
      <symbol id="sm-76a">
         <name>freopen</name>
         <value>0x3ea1</value>
         <object_component_ref idref="oc-1a3"/>
      </symbol>
      <symbol id="sm-76b">
         <name>fopen</name>
         <value>0x3ecb</value>
         <object_component_ref idref="oc-1a3"/>
      </symbol>
      <symbol id="sm-780">
         <name>finddevice</name>
         <value>0x529d</value>
         <object_component_ref idref="oc-223"/>
      </symbol>
      <symbol id="sm-781">
         <name>getdevice</name>
         <value>0x52c7</value>
         <object_component_ref idref="oc-223"/>
      </symbol>
      <symbol id="sm-78b">
         <name>__aeabi_i2d</name>
         <value>0x584f</value>
         <object_component_ref idref="oc-1dd"/>
      </symbol>
      <symbol id="sm-7a6">
         <name>memcpy</name>
         <value>0x4f71</value>
         <object_component_ref idref="oc-3e"/>
      </symbol>
      <symbol id="sm-7a7">
         <name>__aeabi_memcpy</name>
         <value>0x4f71</value>
         <object_component_ref idref="oc-3e"/>
      </symbol>
      <symbol id="sm-7a8">
         <name>__aeabi_memcpy8</name>
         <value>0x4f71</value>
         <object_component_ref idref="oc-3e"/>
      </symbol>
      <symbol id="sm-7a9">
         <name>__aeabi_memcpy4</name>
         <value>0x4f71</value>
         <object_component_ref idref="oc-3e"/>
      </symbol>
      <symbol id="sm-7b8">
         <name>__aeabi_memset</name>
         <value>0x51b3</value>
         <object_component_ref idref="oc-4a"/>
      </symbol>
      <symbol id="sm-7b9">
         <name>memset</name>
         <value>0x51b9</value>
         <object_component_ref idref="oc-4a"/>
      </symbol>
      <symbol id="sm-7ba">
         <name>__aeabi_memset8</name>
         <value>0x51b3</value>
         <object_component_ref idref="oc-4a"/>
      </symbol>
      <symbol id="sm-7bb">
         <name>__aeabi_memset4</name>
         <value>0x51b3</value>
         <object_component_ref idref="oc-4a"/>
      </symbol>
      <symbol id="sm-7bc">
         <name>__aeabi_memclr8</name>
         <value>0x51b1</value>
         <object_component_ref idref="oc-4a"/>
      </symbol>
      <symbol id="sm-7bd">
         <name>__aeabi_memclr4</name>
         <value>0x51b1</value>
         <object_component_ref idref="oc-4a"/>
      </symbol>
      <symbol id="sm-7be">
         <name>__aeabi_memclr</name>
         <value>0x51b1</value>
         <object_component_ref idref="oc-4a"/>
      </symbol>
      <symbol id="sm-7c8">
         <name>__mpu_init</name>
         <value>0x290b</value>
         <object_component_ref idref="oc-56"/>
      </symbol>
      <symbol id="sm-7ea">
         <name>open</name>
         <value>0x4d55</value>
         <object_component_ref idref="oc-235"/>
      </symbol>
      <symbol id="sm-7f4">
         <name>_system_pre_init</name>
         <value>0x59b5</value>
         <object_component_ref idref="oc-5c"/>
      </symbol>
      <symbol id="sm-816">
         <name>scalbn</name>
         <value>0x49c1</value>
         <object_component_ref idref="oc-278"/>
      </symbol>
      <symbol id="sm-817">
         <name>scalbnl</name>
         <value>0x49c1</value>
         <object_component_ref idref="oc-278"/>
      </symbol>
      <symbol id="sm-818">
         <name>ldexpl</name>
         <value>0x49c1</value>
         <object_component_ref idref="oc-278"/>
      </symbol>
      <symbol id="sm-819">
         <name>ldexp</name>
         <value>0x49c1</value>
         <object_component_ref idref="oc-278"/>
      </symbol>
      <symbol id="sm-83a">
         <name>setvbuf</name>
         <value>0x4bb1</value>
         <object_component_ref idref="oc-1a9"/>
      </symbol>
      <symbol id="sm-842">
         <name>main_func_sp</name>
         <value>0x20003bc0</value>
         <object_component_ref idref="oc-74"/>
      </symbol>
      <symbol id="sm-852">
         <name>strchr</name>
         <value>0x5925</value>
         <object_component_ref idref="oc-28e"/>
      </symbol>
      <symbol id="sm-861">
         <name>strcmp</name>
         <value>0x590d</value>
         <object_component_ref idref="oc-288"/>
      </symbol>
      <symbol id="sm-871">
         <name>strncpy</name>
         <value>0x5819</value>
         <object_component_ref idref="oc-229"/>
      </symbol>
      <symbol id="sm-88d">
         <name>_stream</name>
         <value>0x20003b00</value>
         <object_component_ref idref="oc-2d2"/>
      </symbol>
      <symbol id="sm-88e">
         <name>_device</name>
         <value>0x20003a88</value>
         <object_component_ref idref="oc-230"/>
      </symbol>
      <symbol id="sm-88f">
         <name>write</name>
         <value>0x58a9</value>
         <object_component_ref idref="oc-34a"/>
      </symbol>
      <symbol id="sm-8a8">
         <name>_nop</name>
         <value>0x594b</value>
         <object_component_ref idref="oc-17e"/>
      </symbol>
      <symbol id="sm-8a9">
         <name>_lock</name>
         <value>0x20003ba0</value>
         <object_component_ref idref="oc-ce"/>
      </symbol>
      <symbol id="sm-8aa">
         <name>_unlock</name>
         <value>0x20003ba4</value>
         <object_component_ref idref="oc-ce"/>
      </symbol>
      <symbol id="sm-8ab">
         <name>_register_lock</name>
         <value>0x5943</value>
         <object_component_ref idref="oc-17e"/>
      </symbol>
      <symbol id="sm-8ac">
         <name>_register_unlock</name>
         <value>0x593d</value>
         <object_component_ref idref="oc-17e"/>
      </symbol>
      <symbol id="sm-8c0">
         <name>_args_main</name>
         <value>0x58f5</value>
         <object_component_ref idref="oc-68"/>
      </symbol>
      <symbol id="sm-8ea">
         <name>__TI_auto_init</name>
         <value>0x522d</value>
         <object_component_ref idref="oc-62"/>
      </symbol>
      <symbol id="sm-904">
         <name>copy_in</name>
         <value>0x56c1</value>
         <object_component_ref idref="oc-bb"/>
      </symbol>
      <symbol id="sm-91a">
         <name>__TI_closefile</name>
         <value>0x500d</value>
         <object_component_ref idref="oc-23b"/>
      </symbol>
      <symbol id="sm-91b">
         <name>fclose</name>
         <value>0x5073</value>
         <object_component_ref idref="oc-23b"/>
      </symbol>
      <symbol id="sm-935">
         <name>__TI_doflush</name>
         <value>0x4c8d</value>
         <object_component_ref idref="oc-2d7"/>
      </symbol>
      <symbol id="sm-936">
         <name>fflush</name>
         <value>0x4cd9</value>
         <object_component_ref idref="oc-2d7"/>
      </symbol>
      <symbol id="sm-947">
         <name>HOSTclose</name>
         <value>0x5751</value>
         <object_component_ref idref="oc-29e"/>
      </symbol>
      <symbol id="sm-958">
         <name>HOSTlseek</name>
         <value>0x5375</value>
         <object_component_ref idref="oc-2b0"/>
      </symbol>
      <symbol id="sm-96a">
         <name>parmbuf</name>
         <value>0x20003514</value>
      </symbol>
      <symbol id="sm-96b">
         <name>HOSTopen</name>
         <value>0x54ad</value>
         <object_component_ref idref="oc-298"/>
      </symbol>
      <symbol id="sm-97c">
         <name>HOSTread</name>
         <value>0x5569</value>
         <object_component_ref idref="oc-2a4"/>
      </symbol>
      <symbol id="sm-98d">
         <name>HOSTrename</name>
         <value>0x53dd</value>
         <object_component_ref idref="oc-2bc"/>
      </symbol>
      <symbol id="sm-99e">
         <name>HOSTunlink</name>
         <value>0x5795</value>
         <object_component_ref idref="oc-2b6"/>
      </symbol>
      <symbol id="sm-9af">
         <name>HOSTwrite</name>
         <value>0x55c1</value>
         <object_component_ref idref="oc-2aa"/>
      </symbol>
      <symbol id="sm-a21">
         <name>_sys_memory</name>
         <value>0x20003598</value>
         <object_component_ref idref="oc-30"/>
      </symbol>
      <symbol id="sm-a22">
         <name>free</name>
         <value>0x29f7</value>
         <object_component_ref idref="oc-247"/>
      </symbol>
      <symbol id="sm-a23">
         <name>realloc</name>
         <value>0x2ab7</value>
         <object_component_ref idref="oc-247"/>
      </symbol>
      <symbol id="sm-a24">
         <name>memalign</name>
         <value>0x2bc1</value>
         <object_component_ref idref="oc-247"/>
      </symbol>
      <symbol id="sm-a25">
         <name>calloc</name>
         <value>0x2cad</value>
         <object_component_ref idref="oc-247"/>
      </symbol>
      <symbol id="sm-a26">
         <name>malloc</name>
         <value>0x298d</value>
         <object_component_ref idref="oc-247"/>
      </symbol>
      <symbol id="sm-a27">
         <name>minit</name>
         <value>0x290d</value>
         <object_component_ref idref="oc-247"/>
      </symbol>
      <symbol id="sm-a32">
         <name>copysign</name>
         <value>0x5951</value>
         <object_component_ref idref="oc-306"/>
      </symbol>
      <symbol id="sm-a33">
         <name>copysignl</name>
         <value>0x5951</value>
         <object_component_ref idref="oc-306"/>
      </symbol>
      <symbol id="sm-a3d">
         <name>_system_post_cinit</name>
         <value>0x4127</value>
         <object_component_ref idref="oc-c1"/>
      </symbol>
      <symbol id="sm-a4b">
         <name>strcpy</name>
         <value>0x5965</value>
         <object_component_ref idref="oc-337"/>
      </symbol>
      <symbol id="sm-a59">
         <name>strlen</name>
         <value>0x5979</value>
         <object_component_ref idref="oc-31d"/>
      </symbol>
      <symbol id="sm-a74">
         <name>__TI_readmsg</name>
         <value>0x5477</value>
         <object_component_ref idref="oc-323"/>
      </symbol>
      <symbol id="sm-a75">
         <name>C$$IO$$</name>
         <value>0x5473</value>
         <object_component_ref idref="oc-323"/>
      </symbol>
      <symbol id="sm-a76">
         <name>__CIOBUF_</name>
         <value>0x20003200</value>
         <object_component_ref idref="oc-365"/>
      </symbol>
      <symbol id="sm-a77">
         <name>__TI_writemsg</name>
         <value>0x5445</value>
         <object_component_ref idref="oc-323"/>
      </symbol>
      <symbol id="sm-a87">
         <name>unlink</name>
         <value>0x587d</value>
         <object_component_ref idref="oc-2e3"/>
      </symbol>
      <symbol id="sm-a9b">
         <name>close</name>
         <value>0x550d</value>
         <object_component_ref idref="oc-2dd"/>
      </symbol>
      <symbol id="sm-a9c">
         <name>__TI_static_base__</name>
         <value>0x0</value>
      </symbol>
      <symbol id="sm-a9f">
         <name>SHT$$INIT_ARRAY$$Limit</name>
         <value>0x0</value>
      </symbol>
      <symbol id="sm-aa0">
         <name>SHT$$INIT_ARRAY$$Base</name>
         <value>0x0</value>
      </symbol>
      <symbol id="sm-aa1">
         <name>NMI_Handler</name>
         <value>0x59a7</value>
      </symbol>
      <symbol id="sm-aa2">
         <name>HardFault_Handler</name>
         <value>0x59a7</value>
      </symbol>
      <symbol id="sm-aa3">
         <name>MemManage_Handler</name>
         <value>0x59a7</value>
      </symbol>
      <symbol id="sm-aa4">
         <name>BusFault_Handler</name>
         <value>0x59a7</value>
      </symbol>
      <symbol id="sm-aa5">
         <name>UsageFault_Handler</name>
         <value>0x59a7</value>
      </symbol>
      <symbol id="sm-aa6">
         <name>SVC_Handler</name>
         <value>0x59a7</value>
      </symbol>
      <symbol id="sm-aa7">
         <name>DebugMon_Handler</name>
         <value>0x59a7</value>
      </symbol>
      <symbol id="sm-aa8">
         <name>PendSV_Handler</name>
         <value>0x59a7</value>
      </symbol>
      <symbol id="sm-aa9">
         <name>SysTick_Handler</name>
         <value>0x5cb</value>
      </symbol>
      <symbol id="sm-aaa">
         <name>PSS_IRQHandler</name>
         <value>0x59a7</value>
      </symbol>
      <symbol id="sm-aab">
         <name>CS_IRQHandler</name>
         <value>0x59a7</value>
      </symbol>
      <symbol id="sm-aac">
         <name>PCM_IRQHandler</name>
         <value>0x59a7</value>
      </symbol>
      <symbol id="sm-aad">
         <name>WDT_A_IRQHandler</name>
         <value>0x59a7</value>
      </symbol>
      <symbol id="sm-aae">
         <name>FPU_IRQHandler</name>
         <value>0x59a7</value>
      </symbol>
      <symbol id="sm-aaf">
         <name>FLCTL_IRQHandler</name>
         <value>0x59a7</value>
      </symbol>
      <symbol id="sm-ab0">
         <name>COMP_E0_IRQHandler</name>
         <value>0x59a7</value>
      </symbol>
      <symbol id="sm-ab1">
         <name>COMP_E1_IRQHandler</name>
         <value>0x59a7</value>
      </symbol>
      <symbol id="sm-ab2">
         <name>TA0_0_IRQHandler</name>
         <value>0x59a7</value>
      </symbol>
      <symbol id="sm-ab3">
         <name>TA0_N_IRQHandler</name>
         <value>0x59a7</value>
      </symbol>
      <symbol id="sm-ab4">
         <name>TA1_0_IRQHandler</name>
         <value>0x4f3b</value>
      </symbol>
      <symbol id="sm-ab5">
         <name>TA1_N_IRQHandler</name>
         <value>0x59a7</value>
      </symbol>
      <symbol id="sm-ab6">
         <name>TA2_0_IRQHandler</name>
         <value>0x59a7</value>
      </symbol>
      <symbol id="sm-ab7">
         <name>TA2_N_IRQHandler</name>
         <value>0x59a7</value>
      </symbol>
      <symbol id="sm-ab8">
         <name>TA3_0_IRQHandler</name>
         <value>0x472d</value>
      </symbol>
      <symbol id="sm-ab9">
         <name>TA3_N_IRQHandler</name>
         <value>0x4747</value>
      </symbol>
      <symbol id="sm-aba">
         <name>EUSCIA0_IRQHandler</name>
         <value>0x23e3</value>
      </symbol>
      <symbol id="sm-abb">
         <name>EUSCIA1_IRQHandler</name>
         <value>0x59a7</value>
      </symbol>
      <symbol id="sm-abc">
         <name>EUSCIA2_IRQHandler</name>
         <value>0x59a7</value>
      </symbol>
      <symbol id="sm-abd">
         <name>EUSCIA3_IRQHandler</name>
         <value>0x59a7</value>
      </symbol>
      <symbol id="sm-abe">
         <name>EUSCIB0_IRQHandler</name>
         <value>0x59a7</value>
      </symbol>
      <symbol id="sm-abf">
         <name>EUSCIB1_IRQHandler</name>
         <value>0x59a7</value>
      </symbol>
      <symbol id="sm-ac0">
         <name>EUSCIB2_IRQHandler</name>
         <value>0x59a7</value>
      </symbol>
      <symbol id="sm-ac1">
         <name>EUSCIB3_IRQHandler</name>
         <value>0x59a7</value>
      </symbol>
      <symbol id="sm-ac2">
         <name>ADC14_IRQHandler</name>
         <value>0x59a7</value>
      </symbol>
      <symbol id="sm-ac3">
         <name>T32_INT1_IRQHandler</name>
         <value>0x59a7</value>
      </symbol>
      <symbol id="sm-ac4">
         <name>T32_INT2_IRQHandler</name>
         <value>0x59a7</value>
      </symbol>
      <symbol id="sm-ac5">
         <name>T32_INTC_IRQHandler</name>
         <value>0x59a7</value>
      </symbol>
      <symbol id="sm-ac6">
         <name>AES256_IRQHandler</name>
         <value>0x59a7</value>
      </symbol>
      <symbol id="sm-ac7">
         <name>RTC_C_IRQHandler</name>
         <value>0x59a7</value>
      </symbol>
      <symbol id="sm-ac8">
         <name>DMA_ERR_IRQHandler</name>
         <value>0x59a7</value>
      </symbol>
      <symbol id="sm-ac9">
         <name>DMA_INT3_IRQHandler</name>
         <value>0x59a7</value>
      </symbol>
      <symbol id="sm-aca">
         <name>DMA_INT2_IRQHandler</name>
         <value>0x59a7</value>
      </symbol>
      <symbol id="sm-acb">
         <name>DMA_INT1_IRQHandler</name>
         <value>0x59a7</value>
      </symbol>
      <symbol id="sm-acc">
         <name>DMA_INT0_IRQHandler</name>
         <value>0x59a7</value>
      </symbol>
      <symbol id="sm-acd">
         <name>PORT1_IRQHandler</name>
         <value>0x59a7</value>
      </symbol>
      <symbol id="sm-ace">
         <name>PORT2_IRQHandler</name>
         <value>0x59a7</value>
      </symbol>
      <symbol id="sm-acf">
         <name>PORT3_IRQHandler</name>
         <value>0x59a7</value>
      </symbol>
      <symbol id="sm-ad0">
         <name>PORT4_IRQHandler</name>
         <value>0x43c3</value>
      </symbol>
      <symbol id="sm-ad1">
         <name>PORT5_IRQHandler</name>
         <value>0x59a7</value>
      </symbol>
      <symbol id="sm-ad2">
         <name>PORT6_IRQHandler</name>
         <value>0x59a7</value>
      </symbol>
      <symbol id="sm-ad3">
         <name>remove</name>
         <value>0x587d</value>
      </symbol>
   </symbol_table>
   <title>Link successful</title>
</link_info>
