******************************************************************************
                  TI ARM Linker PC v16.9.6                     
******************************************************************************
>> Linked Mon Nov 02 14:35:21 2020

OUTPUT FILE NAME:   <Lab5_UARTComms.out>
ENTRY POINT SYMBOL: "_c_int00"  address: 00005619


MEMORY CONFIGURATION

         name            origin    length      used     unused   attr    fill
----------------------  --------  ---------  --------  --------  ----  --------
  MAIN                  00000000   00040000  00005a90  0003a570  R  X
  INFO                  00200000   00004000  00000000  00004000  R  X
  SRAM_CODE             01000000   00010000  00003dc5  0000c23b  RW X
  SRAM_DATA             20000000   00010000  00003dc5  0000c23b  RW  


SEGMENT ALLOCATION MAP

run origin  load origin   length   init length attrs members
----------  ----------- ---------- ----------- ----- -------
00000000    00000000    00005a90   00005a90    r-x
  00000000    00000000    000000e4   000000e4    r-- .intvecs
  000000e4    000000e4    000058d4   000058d4    r-x .text
  000059b8    000059b8    00000030   00000030    r-- .const
  000059e8    000059e8    000000a8   000000a8    r-- .cinit
20000000    20000000    00003bc8   00000000    rw-
  20000000    20000000    00003595   00000000    rw- .bss
  20003598    20003598    00000400   00000000    rw- .sysmem
  20003998    20003998    00000230   00000000    rw- .data
2000fe00    2000fe00    00000200   00000000    rw-
  2000fe00    2000fe00    00000200   00000000    rw- .stack


SECTION ALLOCATION MAP

 output                                  attributes/
section   page    origin      length       input sections
--------  ----  ----------  ----------   ----------------
.intvecs   0    00000000    000000e4     
                  00000000    000000e4     startup_msp432p401r_ccs.obj (.intvecs:retain)

.binit     0    00000000    00000000     

.text      0    000000e4    000058d4     
                  000000e4    00001204     Lab5_UARTmain.obj (.text)
                  000012e8    000009ac     rtsv7M4_T_le_v4SPD16_eabi.lib : e_pow.obj (.text)
                  00001c94    000006bc     UART0.obj (.text)
                  00002350    000005ba     EUSCIA0.obj (.text)
                  0000290a    00000002     rtsv7M4_T_le_v4SPD16_eabi.lib : mpu_init.obj (.text)
                  0000290c    000003d0                                   : memory.obj (.text)
                  00002cdc    0000032c     system_msp432p401r.obj (.text)
                  00003008    00000308     LPF.obj (.text)
                  00003310    00000260     ADC14.obj (.text)
                  00003570    00000228     PWM.obj (.text)
                  00003798    00000224     Motor.obj (.text)
                  000039bc    00000210     FIFO0.obj (.text)
                  00003bcc    000001e0     Clock.obj (.text)
                  00003dac    000001c4     rtsv7M4_T_le_v4SPD16_eabi.lib : fopen.obj (.text)
                  00003f70    000001b6                                   : fd_add_t2.obj (.text)
                  00004126    00000002                                   : startup.obj (.text)
                  00004128    00000170                                   : e_sqrt.obj (.text)
                  00004298    00000168     BumpInt.obj (.text)
                  00004400    00000144     IRDistance.obj (.text)
                  00004544    00000136     rtsv7M4_T_le_v4SPD16_eabi.lib : fd_div_t2.obj (.text)
                  0000467a    00000002     --HOLE-- [fill = 0]
                  0000467c    0000012c     TA3InputCapture.obj (.text)
                  000047a8    0000011c     Reflectance.obj (.text)
                  000048c4    000000fc     rtsv7M4_T_le_v4SPD16_eabi.lib : fd_mul_t2.obj (.text)
                  000049c0    000000fc                                   : s_scalbn.obj (.text)
                  00004abc    000000f4     LaunchPad.obj (.text)
                  00004bb0    000000dc     rtsv7M4_T_le_v4SPD16_eabi.lib : setvbuf.obj (.text)
                  00004c8c    000000c8                                   : fflush.obj (.text)
                  00004d54    000000bc                                   : open.obj (.text)
                  00004e10    000000b8                                   : add_device.obj (.text)
                  00004ec8    000000a8     TimerA1.obj (.text)
                  00004f70    0000009c     rtsv7M4_T_le_v4SPD16_eabi.lib : memcpy_t2.obj (.text)
                  0000500c    00000098                                   : fclose.obj (.text)
                  000050a4    00000086                                   : fd_cmp_t2.obj (.text:__aeabi_cdcmple)
                  0000512a    00000086                                   : fd_cmp_t2.obj (.text:__aeabi_cdrcmple)
                  000051b0    0000007a                                   : memset_t2.obj (.text)
                  0000522a    00000002     --HOLE-- [fill = 0]
                  0000522c    00000070                                   : autoinit.obj (.text)
                  0000529c    00000070                                   : getdevice.obj (.text)
                  0000530c    00000068                                   : copy_decompress_lzss.obj (.text:decompress:lzss)
                  00005374    00000068                                   : hostlseek.obj (.text)
                  000053dc    00000068                                   : hostrename.obj (.text)
                  00005444    00000068                                   : trgmsg.obj (.text)
                  000054ac    00000060                                   : hostopen.obj (.text)
                  0000550c    0000005c                                   : close.obj (.text)
                  00005568    00000058                                   : hostread.obj (.text)
                  000055c0    00000058                                   : hostwrite.obj (.text)
                  00005618    00000054                                   : boot.obj (.text)
                  0000566c    00000054                                   : exit.obj (.text)
                  000056c0    0000004c                                   : cpy_tbl.obj (.text)
                  0000570c    00000044                                   : fd_tou_t2.obj (.text)
                  00005750    00000044                                   : hostclose.obj (.text)
                  00005794    00000044                                   : hostunlink.obj (.text)
                  000057d8    00000040     SysTickInts.obj (.text)
                  00005818    00000036     rtsv7M4_T_le_v4SPD16_eabi.lib : strncpy.obj (.text)
                  0000584e    0000002e                                   : i_tofd_t2.obj (.text)
                  0000587c    0000002c                                   : unlink.obj (.text)
                  000058a8    00000028                                   : write.obj (.text)
                  000058d0    00000024     CortexM.obj (.text)
                  000058f4    00000018     rtsv7M4_T_le_v4SPD16_eabi.lib : args_main.obj (.text)
                  0000590c    00000018                                   : strcmp.obj (.text)
                  00005924    00000016                                   : strchr.obj (.text)
                  0000593a    00000002     --HOLE-- [fill = 0]
                  0000593c    00000014                                   : _lock.obj (.text)
                  00005950    00000014                                   : s_copysign.obj (.text)
                  00005964    00000014                                   : strcpy.obj (.text)
                  00005978    00000014                                   : strlen.obj (.text)
                  0000598c    0000000e                                   : copy_decompress_none.obj (.text:decompress:none)
                  0000599a    0000000e     startup_msp432p401r_ccs.obj (.text)
                  000059a8    0000000c     rtsv7M4_T_le_v4SPD16_eabi.lib : copy_zero_init.obj (.text:decompress:ZI)
                  000059b4    00000004                                   : pre_init.obj (.text)

.const     0    000059b8    00000030     
                  000059b8    00000030     rtsv7M4_T_le_v4SPD16_eabi.lib : e_pow.obj (.const:$O1$$)

.cinit     0    000059e8    000000a8     
                  000059e8    00000082     (.cinit..data.load) [load image, compression = lzss]
                  00005a6a    00000002     --HOLE-- [fill = 0]
                  00005a6c    0000000c     (__TI_handler_table)
                  00005a78    00000008     (.cinit..bss.load) [load image, compression = zero_init]
                  00005a80    00000010     (__TI_cinit_table)

.init_array 
*          0    00000000    00000000     UNINITIALIZED

.bss       0    20000000    00003595     UNINITIALIZED
                  20000000    00001000     (.common:x)
                  20001000    00001000     (.common:x2)
                  20002000    00001000     (.common:x3)
                  20003000    00000200     (.common:TxHistogram)
                  20003200    00000120     rtsv7M4_T_le_v4SPD16_eabi.lib : trgmsg.obj (.bss:_CIOBUF_)
                  20003320    000000a0     (.common:__TI_tmpnams)
                  200033c0    00000082     (.common:RxFifo0)
                  20003442    00000082     (.common:TxFifo0)
                  200034c4    00000040     (.common:String)
                  20003504    00000008     (.common:Messageb)
                  2000350c    00000008     (.common:Messagec)
                  20003514    00000008     (.common:parmbuf)
                  2000351c    00000004     (.common:ADCflag)
                  20003520    00000004     (.common:Done0)
                  20003524    00000004     (.common:Done2)
                  20003528    00000004     (.common:Elapsed)
                  2000352c    00000004     (.common:First)
                  20003530    00000004     (.common:I1)
                  20003534    00000004     (.common:LPFSum)
                  20003538    00000004     (.common:LPFSum2)
                  2000353c    00000004     (.common:LPFSum3)
                  20003540    00000004     (.common:MaxTime)
                  20003544    00000004     (.common:Messageindexb)
                  20003548    00000004     (.common:Messageindexc)
                  2000354c    00000004     (.common:NumErrors)
                  20003550    00000004     (.common:NumSuccess)
                  20003554    00000004     (.common:Port4Task)
                  20003558    00000004     (.common:Pt)
                  2000355c    00000004     (.common:Pt2)
                  20003560    00000004     (.common:Pt3)
                  20003564    00000004     (.common:Size)
                  20003568    00000004     (.common:TimerA1Task)
                  2000356c    00000004     (.common:nc)
                  20003570    00000004     (.common:nl)
                  20003574    00000004     (.common:nr)
                  20003578    00000004     (.common:raw12)
                  2000357c    00000004     (.common:raw16)
                  20003580    00000004     (.common:raw17)
                  20003584    00000004     (.common:s)
                  20003588    00000002     (.common:First0)
                  2000358a    00000002     (.common:First2)
                  2000358c    00000002     (.common:Period0)
                  2000358e    00000002     (.common:Period2)
                  20003590    00000001     (.common:CollisionData)
                  20003591    00000001     (.common:CollisionFlag)
                  20003592    00000001     (.common:ReadData)
                  20003593    00000001     (.common:WriteData)
                  20003594    00000001     (.common:reflectance_data)

.sysmem    0    20003598    00000400     UNINITIALIZED
                  20003598    00000008     rtsv7M4_T_le_v4SPD16_eabi.lib : memory.obj (.sysmem)
                  200035a0    000003f8     --HOLE--

.data      0    20003998    00000230     UNINITIALIZED
                  20003998    000000f0     rtsv7M4_T_le_v4SPD16_eabi.lib : defs.obj (.data:_ftable)
                  20003a88    00000078                                   : write.obj (.data:_device)
                  20003b00    00000050                                   : write.obj (.data:_stream)
                  20003b50    00000018     Clock.obj (.data)
                  20003b68    00000010     rtsv7M4_T_le_v4SPD16_eabi.lib : defs.obj (.data)
                  20003b78    0000000d     Lab5_UARTmain.obj (.data)
                  20003b85    00000003     --HOLE--
                  20003b88    0000000c     rtsv7M4_T_le_v4SPD16_eabi.lib : exit.obj (.data:$O1$$)
                  20003b94    0000000c                                   : memory.obj (.data:$O1$$)
                  20003ba0    00000008                                   : _lock.obj (.data:$O1$$)
                  20003ba8    00000008     TA3InputCapture.obj (.data)
                  20003bb0    00000004     rtsv7M4_T_le_v4SPD16_eabi.lib : add_device.obj (.data)
                  20003bb4    00000004                                   : errno.obj (.data)
                  20003bb8    00000004                                   : fopen.obj (.data)
                  20003bbc    00000004                                   : open.obj (.data)
                  20003bc0    00000004                                   : stkdepth_vars.obj (.data)
                  20003bc4    00000004     system_msp432p401r.obj (.data)

.stack     0    2000fe00    00000200     UNINITIALIZED
                  2000fe00    00000200     --HOLE--

MODULE SUMMARY

       Module                        code    ro data   rw data
       ------                        ----    -------   -------
    .\
       LPF.obj                       776     0         24640  
       Lab5_UARTmain.obj             4612    0         300    
       FIFO0.obj                     528     0         1544   
       UART0.obj                     1724    0         24     
       EUSCIA0.obj                   1466    0         24     
       system_msp432p401r.obj        812     0         8      
       ADC14.obj                     608     0         0      
       PWM.obj                       552     0         0      
       Motor.obj                     548     0         0      
       Clock.obj                     480     0         48     
       BumpInt.obj                   360     0         8      
       IRDistance.obj                324     0         0      
       TA3InputCapture.obj           300     0         16     
       Reflectance.obj               284     0         0      
       LaunchPad.obj                 244     0         0      
       startup_msp432p401r_ccs.obj   14      228       0      
       TimerA1.obj                   168     0         8      
       SysTickInts.obj               64      0         0      
       CortexM.obj                   36      0         0      
    +--+-----------------------------+-------+---------+---------+
       Total:                        13900   228       26620  
                                                              
    C:\ti\ccsv7\tools\compiler\ti-cgt-arm_16.9.6.LTS\lib\rtsv7M4_T_le_v4SPD16_eabi.lib
       e_pow.obj                     2476    48        0      
       memory.obj                    976     0         24     
       defs.obj                      0       0         832    
       trgmsg.obj                    104     0         576    
       fopen.obj                     452     0         8      
       write.obj                     40      0         400    
       fd_add_t2.obj                 438     0         0      
       e_sqrt.obj                    368     0         0      
       fd_div_t2.obj                 310     0         0      
       fd_cmp_t2.obj                 268     0         0      
       fd_mul_t2.obj                 252     0         0      
       s_scalbn.obj                  252     0         0      
       setvbuf.obj                   220     0         0      
       fflush.obj                    200     0         0      
       open.obj                      188     0         8      
       add_device.obj                184     0         8      
       memcpy_t2.obj                 156     0         0      
       fclose.obj                    152     0         0      
       memset_t2.obj                 122     0         0      
       autoinit.obj                  112     0         0      
       getdevice.obj                 112     0         0      
       hostopen.obj                  96      0         16     
       exit.obj                      84      0         24     
       copy_decompress_lzss.obj      104     0         0      
       hostlseek.obj                 104     0         0      
       hostrename.obj                104     0         0      
       close.obj                     92      0         0      
       hostread.obj                  88      0         0      
       hostwrite.obj                 88      0         0      
       boot.obj                      84      0         0      
       cpy_tbl.obj                   76      0         0      
       fd_tou_t2.obj                 68      0         0      
       hostclose.obj                 68      0         0      
       hostunlink.obj                68      0         0      
       strncpy.obj                   54      0         0      
       i_tofd_t2.obj                 46      0         0      
       unlink.obj                    44      0         0      
       _lock.obj                     20      0         16     
       args_main.obj                 24      0         0      
       strcmp.obj                    24      0         0      
       strchr.obj                    22      0         0      
       s_copysign.obj                20      0         0      
       strcpy.obj                    20      0         0      
       strlen.obj                    20      0         0      
       copy_decompress_none.obj      14      0         0      
       copy_zero_init.obj            12      0         0      
       errno.obj                     0       0         8      
       stkdepth_vars.obj             0       0         8      
       pre_init.obj                  4       0         0      
       mpu_init.obj                  2       0         0      
       startup.obj                   2       0         0      
    +--+-----------------------------+-------+---------+---------+
       Total:                        8834    48        1928   
                                                              
       Heap:                         0       0         2048   
       Stack:                        0       0         1024   
       Linker Generated:             0       166       0      
    +--+-----------------------------+-------+---------+---------+
       Grand Total:                  22734   442       31620  


LINKER GENERATED COPY TABLES

__TI_cinit_table @ 00005a80 records: 2, size/record: 8, table size: 16
	.data: load addr=000059e8, load size=00000082 bytes, run addr=20003998, run size=00000230 bytes, compression=lzss
	.bss: load addr=00005a78, load size=00000008 bytes, run addr=20000000, run size=00003595 bytes, compression=zero_init


LINKER GENERATED HANDLER TABLE

__TI_handler_table @ 00005a6c records: 3, size/record: 4, table size: 12
	index: 0, handler: __TI_decompress_lzss
	index: 1, handler: __TI_decompress_none
	index: 2, handler: __TI_zero_init


GLOBAL SYMBOLS: SORTED ALPHABETICALLY BY Name 

address   name                           
-------   ----                           
0000340d  ADC0_InitSWTriggerCh12         
0000347d  ADC0_InitSWTriggerCh17_12_16   
00003311  ADC0_InitSWTriggerCh6          
00003381  ADC0_InitSWTriggerCh67         
000059a7  ADC14_IRQHandler               
00000805  ADC_IR_Init                    
0000345d  ADC_In12                       
000034ed  ADC_In17_12_16                 
00003361  ADC_In6                        
000033d7  ADC_In67                       
2000351c  ADCflag                        
000059a7  AES256_IRQHandler              
00004299  BumpInt_Init                   
0000430f  Bump_Init                      
00004343  Bump_Read                      
000059a7  BusFault_Handler               
0000566d  C$$EXIT                        
00005473  C$$IO$$                        
000059a7  COMP_E0_IRQHandler             
000059a7  COMP_E1_IRQHandler             
20003b58  CPMwait                        
000059a7  CS_IRQHandler                  
20003ba8  CaptureTask0                   
20003bac  CaptureTask2                   
0000445f  CenterConvert                  
20003b50  ClockFrequency                 
00003d21  Clock_Delay1ms                 
00003cf7  Clock_Delay1us                 
00003ce3  Clock_GetFreq                  
00003bcd  Clock_Init48MHz                
20003590  CollisionData                  
20003591  CollisionFlag                  
20003b64  Crystalstable                  
000059a7  DMA_ERR_IRQHandler             
000059a7  DMA_INT0_IRQHandler            
000059a7  DMA_INT1_IRQHandler            
000059a7  DMA_INT2_IRQHandler            
000059a7  DMA_INT3_IRQHandler            
000059a7  DebugMon_Handler               
0000046d  DecToBinary                    
00000667  DecToBinary_bump               
000059a7  Default_Handler                
000058d1  DisableInterrupts              
00000575  Display_Period                 
20003520  Done0                          
20003524  Done2                          
000023e3  EUSCIA0_IRQHandler             
000023e3  EUSCIA0_IRQHandler             
000023b7  EUSCIA0_InChar                 
00002881  EUSCIA0_InString               
00002437  EUSCIA0_InUDec                 
00002735  EUSCIA0_InUHex                 
00002351  EUSCIA0_Init                   
000023c9  EUSCIA0_OutChar                
00002419  EUSCIA0_OutString              
000024bb  EUSCIA0_OutUDec                
0000264d  EUSCIA0_OutUDec4               
00002685  EUSCIA0_OutUDec5               
000026c1  EUSCIA0_OutUFix1               
000026e9  EUSCIA0_OutUFix2               
000027fd  EUSCIA0_OutUHex                
00002863  EUSCIA0_OutUHex2               
00002841  EUSCIA0outnibble               
000059a7  EUSCIA1_IRQHandler             
000059a7  EUSCIA2_IRQHandler             
000059a7  EUSCIA3_IRQHandler             
000059a7  EUSCIB0_IRQHandler             
000059a7  EUSCIB1_IRQHandler             
000059a7  EUSCIB2_IRQHandler             
000059a7  EUSCIB3_IRQHandler             
20003528  Elapsed                        
000058d7  EnableInterrupts               
000058e7  EndCritical                    
000059a7  FLCTL_IRQHandler               
000059a7  FPU_IRQHandler                 
2000352c  First                          
20003588  First0                         
2000358a  First2                         
00005751  HOSTclose                      
00005375  HOSTlseek                      
000054ad  HOSTopen                       
00005569  HOSTread                       
000053dd  HOSTrename                     
00005795  HOSTunlink                     
000055c1  HOSTwrite                      
00000601  HandleCollision                
000059a7  HardFault_Handler              
20003530  I1                             
20003b60  IFlags                         
20003534  LPFSum                         
20003538  LPFSum2                        
2000353c  LPFSum3                        
0000311d  LPF_Calc                       
000031c5  LPF_Calc2                      
00003289  LPF_Calc3                      
0000305d  LPF_Calc_old                   
000030bf  LPF_Init                       
00003171  LPF_Init2                      
00003227  LPF_Init3                      
00003009  LPF_Init_old                   
00004abd  LaunchPad_Init                 
00004b2d  LaunchPad_Input                
00004b47  LaunchPad_LED                  
00004b65  LaunchPad_Output               
00004401  LeftConvert                    
20003540  MaxTime                        
000059a7  MemManage_Handler              
20003504  Messageb                       
2000350c  Messagec                       
20003544  Messageindexb                  
20003548  Messageindexc                  
0000070b  MotorMovt                      
000038e9  Motor_Backward                 
00003845  Motor_Forward                  
00003799  Motor_Init                     
000038af  Motor_Left                     
00003953  Motor_LeftWheel                
00003875  Motor_Right                    
00003919  Motor_RightWheel               
00003821  Motor_Stop                     
000059a7  NMI_Handler                    
2000354c  NumErrors                      
20003550  NumSuccess                     
000059a7  PCM_IRQHandler                 
000059a7  PORT1_IRQHandler               
000059a7  PORT2_IRQHandler               
000059a7  PORT3_IRQHandler               
000043c3  PORT4_IRQHandler               
000043c3  PORT4_IRQHandler               
000059a7  PORT5_IRQHandler               
000059a7  PORT6_IRQHandler               
000059a7  PSS_IRQHandler                 
0000365b  PWM_Duty1                      
0000367b  PWM_Duty2                      
0000371f  PWM_Duty3                      
0000373f  PWM_Duty4                      
00003571  PWM_Init1                      
000035d7  PWM_Init12                     
0000369b  PWM_Init34                     
000059a7  PendSV_Handler                 
2000358c  Period0                        
2000358e  Period2                        
000004b5  PeriodMeasure0                 
00000525  PeriodMeasure00                
000004ed  PeriodMeasure2                 
00000557  PeriodMeasure20                
20003554  Port4Task                      
000047b5  Port5_Init                     
000047dd  Port7_Init                     
0000480f  Port7_Input                    
000047fd  Port7_Output                   
20003b5c  Postwait                       
20003b54  Prewait                        
00000141  Program5_1                     
000001af  Program5_2                     
0000026f  Program5_3                     
00000359  Program5_4                     
20003558  Pt                             
2000355c  Pt2                            
20003560  Pt3                            
0000044d  RSLK_Reset                     
000059a7  RTC_C_IRQHandler               
000000e5  Random                         
20003592  ReadData                       
00004855  Reflectance_Center             
00004885  Reflectance_End                
000047a9  Reflectance_Init               
00004863  Reflectance_Position           
0000481b  Reflectance_Read               
00004871  Reflectance_Start              
0000599b  Reset_Handler                  
000044bd  RightConvert                   
200033c0  RxFifo0                        
00003b37  RxFifo0_Get                    
00003add  RxFifo0_Init                   
00003ae9  RxFifo0_Put                    
00003b75  RxFifo0_Size                   
UNDEFED   SHT$$INIT_ARRAY$$Base          
UNDEFED   SHT$$INIT_ARRAY$$Limit         
000059a7  SVC_Handler                    
000007a9  SensorRead_ISR                 
20003564  Size                           
000058dd  StartCritical                  
200034c4  String                         
000005cb  SysTick_Handler                
000005cb  SysTick_Handler                
000057d9  SysTick_Init                   
20003bc4  SystemCoreClock                
00002cdd  SystemCoreClockUpdate          
00002f51  SystemInit                     
000059a7  T32_INT1_IRQHandler            
000059a7  T32_INT2_IRQHandler            
000059a7  T32_INTC_IRQHandler            
000059a7  TA0_0_IRQHandler               
000059a7  TA0_N_IRQHandler               
00004f3b  TA1_0_IRQHandler               
00004f3b  TA1_0_IRQHandler               
000059a7  TA1_N_IRQHandler               
000059a7  TA2_0_IRQHandler               
000059a7  TA2_N_IRQHandler               
0000472d  TA3_0_IRQHandler               
0000472d  TA3_0_IRQHandler               
00004747  TA3_N_IRQHandler               
00004747  TA3_N_IRQHandler               
000000fd  TestFifo                       
00000537  TimedPause                     
20003568  TimerA1Task                    
00004ec9  TimerA1_Init                   
00004f27  TimerA1_Stop                   
00004689  TimerA3Capture_Init            
20003442  TxFifo0                        
00003a49  TxFifo0_Get                    
000039bd  TxFifo0_Init                   
000039ef  TxFifo0_Put                    
00003a87  TxFifo0_Size                   
20003000  TxHistogram                    
00001cdb  UART0_InChar                   
00002165  UART0_InString                 
00001d25  UART0_InUDec                   
00002019  UART0_InUHex                   
00001c95  UART0_Init                     
000022c5  UART0_Initprintf               
00001ceb  UART0_OutChar                  
00001d07  UART0_OutString                
00001da9  UART0_OutUDec                  
00001f15  UART0_OutUDec4                 
00001f69  UART0_OutUDec5                 
00001fa5  UART0_OutUFix1                 
00001fcd  UART0_OutUFix2                 
000020dd  UART0_OutUHex                  
00002149  UART0_OutUHex2                 
000059a7  UsageFault_Handler             
4000480c  WDTCTL_SYM                     
000059a7  WDT_A_IRQHandler               
000058ef  WaitForInterrupt               
20003593  WriteData                      
20003200  __CIOBUF_                      
20010000  __STACK_END                    
00000200  __STACK_SIZE                   
00000400  __SYSMEM_SIZE                  
00005a80  __TI_CINIT_Base                
00005a90  __TI_CINIT_Limit               
00005a6c  __TI_Handler_Table_Base        
00005a78  __TI_Handler_Table_Limit       
0000522d  __TI_auto_init                 
00003e75  __TI_cleanup                   
20003b88  __TI_cleanup_ptr               
0000500d  __TI_closefile                 
0000530d  __TI_decompress_lzss           
0000598d  __TI_decompress_none           
00004c8d  __TI_doflush                   
20003b8c  __TI_dtors_ptr                 
20003b90  __TI_enable_exit_profile_output
20003b68  __TI_ft_end                    
ffffffff  __TI_pprof_out_hndl            
ffffffff  __TI_prof_data_size            
ffffffff  __TI_prof_data_start           
00005477  __TI_readmsg                   
00000000  __TI_static_base__             
20003320  __TI_tmpnams                   
00005445  __TI_writemsg                  
000059a9  __TI_zero_init                 
000050a5  __aeabi_cdcmpeq                
000050a5  __aeabi_cdcmple                
0000512b  __aeabi_cdrcmple               
0000570d  __aeabi_d2uiz                  
00003f7b  __aeabi_dadd                   
00004545  __aeabi_ddiv                   
000048c5  __aeabi_dmul                   
00003f71  __aeabi_dsub                   
0000584f  __aeabi_i2d                    
000051b1  __aeabi_memclr                 
000051b1  __aeabi_memclr4                
000051b1  __aeabi_memclr8                
00004f71  __aeabi_memcpy                 
00004f71  __aeabi_memcpy4                
00004f71  __aeabi_memcpy8                
000051b3  __aeabi_memset                 
000051b3  __aeabi_memset4                
000051b3  __aeabi_memset8                
20003b74  __aeabi_stderr                 
20003b6c  __aeabi_stdin                  
20003b70  __aeabi_stdout                 
ffffffff  __binit__                      
ffffffff  __c_args__                     
0000290b  __mpu_init                     
2000fe00  __stack                        
000058f5  _args_main                     
00005619  _c_int00                       
20003a88  _device                        
20003998  _ftable                        
20003ba0  _lock                          
0000594b  _nop                           
00005943  _register_lock                 
0000593d  _register_unlock               
20003b00  _stream                        
20003598  _sys_memory                    
00004127  _system_post_cinit             
000059b5  _system_pre_init               
20003ba4  _unlock                        
00005671  abort                          
00004e11  add_device                     
ffffffff  binit                          
00002cad  calloc                         
0000550d  close                          
000056c1  copy_in                        
00005951  copysign                       
00005951  copysignl                      
00003ce9  delay                          
20003bb4  errno                          
00005679  exit                           
00005073  fclose                         
000021ff  ferror                         
00004cd9  fflush                         
000021df  fgetc                          
0000529d  finddevice                     
00003ecb  fopen                          
000029f7  free                           
00003ea1  freopen                        
000052c7  getdevice                      
00000000  interruptVectors               
000049c1  ldexp                          
000049c1  ldexpl                         
000008c1  main                           
20003bc0  main_func_sp                   
0000298d  malloc                         
00002bc1  memalign                       
00004f71  memcpy                         
000051b9  memset                         
0000290d  minit                          
2000356c  nc                             
20003570  nl                             
20003574  nr                             
00004d55  open                           
00002121  outnibble                      
20003514  parmbuf                        
000012e9  pow                            
000012e9  powl                           
20003578  raw12                          
2000357c  raw16                          
20003580  raw17                          
00002ab7  realloc                        
20003594  reflectance_data               
0000587d  remove                         
20003584  s                              
000049c1  scalbn                         
000049c1  scalbnl                        
00004bb1  setvbuf                        
00004129  sqrt                           
00004129  sqrtl                          
00005925  strchr                         
0000590d  strcmp                         
00005965  strcpy                         
00005979  strlen                         
00005819  strncpy                        
0000467d  ta3dummy                       
00000569  toggle_GPIO                    
0000221d  uart_close                     
0000229b  uart_lseek                     
0000220d  uart_open                      
0000222f  uart_read                      
000022b7  uart_rename                    
000022ab  uart_unlink                    
00002259  uart_write                     
0000587d  unlink                         
000058a9  write                          
20000000  x                              
20001000  x2                             
20002000  x3                             


GLOBAL SYMBOLS: SORTED BY Symbol Address 

address   name                           
-------   ----                           
00000000  __TI_static_base__             
00000000  interruptVectors               
000000e5  Random                         
000000fd  TestFifo                       
00000141  Program5_1                     
000001af  Program5_2                     
00000200  __STACK_SIZE                   
0000026f  Program5_3                     
00000359  Program5_4                     
00000400  __SYSMEM_SIZE                  
0000044d  RSLK_Reset                     
0000046d  DecToBinary                    
000004b5  PeriodMeasure0                 
000004ed  PeriodMeasure2                 
00000525  PeriodMeasure00                
00000537  TimedPause                     
00000557  PeriodMeasure20                
00000569  toggle_GPIO                    
00000575  Display_Period                 
000005cb  SysTick_Handler                
000005cb  SysTick_Handler                
00000601  HandleCollision                
00000667  DecToBinary_bump               
0000070b  MotorMovt                      
000007a9  SensorRead_ISR                 
00000805  ADC_IR_Init                    
000008c1  main                           
000012e9  pow                            
000012e9  powl                           
00001c95  UART0_Init                     
00001cdb  UART0_InChar                   
00001ceb  UART0_OutChar                  
00001d07  UART0_OutString                
00001d25  UART0_InUDec                   
00001da9  UART0_OutUDec                  
00001f15  UART0_OutUDec4                 
00001f69  UART0_OutUDec5                 
00001fa5  UART0_OutUFix1                 
00001fcd  UART0_OutUFix2                 
00002019  UART0_InUHex                   
000020dd  UART0_OutUHex                  
00002121  outnibble                      
00002149  UART0_OutUHex2                 
00002165  UART0_InString                 
000021df  fgetc                          
000021ff  ferror                         
0000220d  uart_open                      
0000221d  uart_close                     
0000222f  uart_read                      
00002259  uart_write                     
0000229b  uart_lseek                     
000022ab  uart_unlink                    
000022b7  uart_rename                    
000022c5  UART0_Initprintf               
00002351  EUSCIA0_Init                   
000023b7  EUSCIA0_InChar                 
000023c9  EUSCIA0_OutChar                
000023e3  EUSCIA0_IRQHandler             
000023e3  EUSCIA0_IRQHandler             
00002419  EUSCIA0_OutString              
00002437  EUSCIA0_InUDec                 
000024bb  EUSCIA0_OutUDec                
0000264d  EUSCIA0_OutUDec4               
00002685  EUSCIA0_OutUDec5               
000026c1  EUSCIA0_OutUFix1               
000026e9  EUSCIA0_OutUFix2               
00002735  EUSCIA0_InUHex                 
000027fd  EUSCIA0_OutUHex                
00002841  EUSCIA0outnibble               
00002863  EUSCIA0_OutUHex2               
00002881  EUSCIA0_InString               
0000290b  __mpu_init                     
0000290d  minit                          
0000298d  malloc                         
000029f7  free                           
00002ab7  realloc                        
00002bc1  memalign                       
00002cad  calloc                         
00002cdd  SystemCoreClockUpdate          
00002f51  SystemInit                     
00003009  LPF_Init_old                   
0000305d  LPF_Calc_old                   
000030bf  LPF_Init                       
0000311d  LPF_Calc                       
00003171  LPF_Init2                      
000031c5  LPF_Calc2                      
00003227  LPF_Init3                      
00003289  LPF_Calc3                      
00003311  ADC0_InitSWTriggerCh6          
00003361  ADC_In6                        
00003381  ADC0_InitSWTriggerCh67         
000033d7  ADC_In67                       
0000340d  ADC0_InitSWTriggerCh12         
0000345d  ADC_In12                       
0000347d  ADC0_InitSWTriggerCh17_12_16   
000034ed  ADC_In17_12_16                 
00003571  PWM_Init1                      
000035d7  PWM_Init12                     
0000365b  PWM_Duty1                      
0000367b  PWM_Duty2                      
0000369b  PWM_Init34                     
0000371f  PWM_Duty3                      
0000373f  PWM_Duty4                      
00003799  Motor_Init                     
00003821  Motor_Stop                     
00003845  Motor_Forward                  
00003875  Motor_Right                    
000038af  Motor_Left                     
000038e9  Motor_Backward                 
00003919  Motor_RightWheel               
00003953  Motor_LeftWheel                
000039bd  TxFifo0_Init                   
000039ef  TxFifo0_Put                    
00003a49  TxFifo0_Get                    
00003a87  TxFifo0_Size                   
00003add  RxFifo0_Init                   
00003ae9  RxFifo0_Put                    
00003b37  RxFifo0_Get                    
00003b75  RxFifo0_Size                   
00003bcd  Clock_Init48MHz                
00003ce3  Clock_GetFreq                  
00003ce9  delay                          
00003cf7  Clock_Delay1us                 
00003d21  Clock_Delay1ms                 
00003e75  __TI_cleanup                   
00003ea1  freopen                        
00003ecb  fopen                          
00003f71  __aeabi_dsub                   
00003f7b  __aeabi_dadd                   
00004127  _system_post_cinit             
00004129  sqrt                           
00004129  sqrtl                          
00004299  BumpInt_Init                   
0000430f  Bump_Init                      
00004343  Bump_Read                      
000043c3  PORT4_IRQHandler               
000043c3  PORT4_IRQHandler               
00004401  LeftConvert                    
0000445f  CenterConvert                  
000044bd  RightConvert                   
00004545  __aeabi_ddiv                   
0000467d  ta3dummy                       
00004689  TimerA3Capture_Init            
0000472d  TA3_0_IRQHandler               
0000472d  TA3_0_IRQHandler               
00004747  TA3_N_IRQHandler               
00004747  TA3_N_IRQHandler               
000047a9  Reflectance_Init               
000047b5  Port5_Init                     
000047dd  Port7_Init                     
000047fd  Port7_Output                   
0000480f  Port7_Input                    
0000481b  Reflectance_Read               
00004855  Reflectance_Center             
00004863  Reflectance_Position           
00004871  Reflectance_Start              
00004885  Reflectance_End                
000048c5  __aeabi_dmul                   
000049c1  ldexp                          
000049c1  ldexpl                         
000049c1  scalbn                         
000049c1  scalbnl                        
00004abd  LaunchPad_Init                 
00004b2d  LaunchPad_Input                
00004b47  LaunchPad_LED                  
00004b65  LaunchPad_Output               
00004bb1  setvbuf                        
00004c8d  __TI_doflush                   
00004cd9  fflush                         
00004d55  open                           
00004e11  add_device                     
00004ec9  TimerA1_Init                   
00004f27  TimerA1_Stop                   
00004f3b  TA1_0_IRQHandler               
00004f3b  TA1_0_IRQHandler               
00004f71  __aeabi_memcpy                 
00004f71  __aeabi_memcpy4                
00004f71  __aeabi_memcpy8                
00004f71  memcpy                         
0000500d  __TI_closefile                 
00005073  fclose                         
000050a5  __aeabi_cdcmpeq                
000050a5  __aeabi_cdcmple                
0000512b  __aeabi_cdrcmple               
000051b1  __aeabi_memclr                 
000051b1  __aeabi_memclr4                
000051b1  __aeabi_memclr8                
000051b3  __aeabi_memset                 
000051b3  __aeabi_memset4                
000051b3  __aeabi_memset8                
000051b9  memset                         
0000522d  __TI_auto_init                 
0000529d  finddevice                     
000052c7  getdevice                      
0000530d  __TI_decompress_lzss           
00005375  HOSTlseek                      
000053dd  HOSTrename                     
00005445  __TI_writemsg                  
00005473  C$$IO$$                        
00005477  __TI_readmsg                   
000054ad  HOSTopen                       
0000550d  close                          
00005569  HOSTread                       
000055c1  HOSTwrite                      
00005619  _c_int00                       
0000566d  C$$EXIT                        
00005671  abort                          
00005679  exit                           
000056c1  copy_in                        
0000570d  __aeabi_d2uiz                  
00005751  HOSTclose                      
00005795  HOSTunlink                     
000057d9  SysTick_Init                   
00005819  strncpy                        
0000584f  __aeabi_i2d                    
0000587d  remove                         
0000587d  unlink                         
000058a9  write                          
000058d1  DisableInterrupts              
000058d7  EnableInterrupts               
000058dd  StartCritical                  
000058e7  EndCritical                    
000058ef  WaitForInterrupt               
000058f5  _args_main                     
0000590d  strcmp                         
00005925  strchr                         
0000593d  _register_unlock               
00005943  _register_lock                 
0000594b  _nop                           
00005951  copysign                       
00005951  copysignl                      
00005965  strcpy                         
00005979  strlen                         
0000598d  __TI_decompress_none           
0000599b  Reset_Handler                  
000059a7  ADC14_IRQHandler               
000059a7  AES256_IRQHandler              
000059a7  BusFault_Handler               
000059a7  COMP_E0_IRQHandler             
000059a7  COMP_E1_IRQHandler             
000059a7  CS_IRQHandler                  
000059a7  DMA_ERR_IRQHandler             
000059a7  DMA_INT0_IRQHandler            
000059a7  DMA_INT1_IRQHandler            
000059a7  DMA_INT2_IRQHandler            
000059a7  DMA_INT3_IRQHandler            
000059a7  DebugMon_Handler               
000059a7  Default_Handler                
000059a7  EUSCIA1_IRQHandler             
000059a7  EUSCIA2_IRQHandler             
000059a7  EUSCIA3_IRQHandler             
000059a7  EUSCIB0_IRQHandler             
000059a7  EUSCIB1_IRQHandler             
000059a7  EUSCIB2_IRQHandler             
000059a7  EUSCIB3_IRQHandler             
000059a7  FLCTL_IRQHandler               
000059a7  FPU_IRQHandler                 
000059a7  HardFault_Handler              
000059a7  MemManage_Handler              
000059a7  NMI_Handler                    
000059a7  PCM_IRQHandler                 
000059a7  PORT1_IRQHandler               
000059a7  PORT2_IRQHandler               
000059a7  PORT3_IRQHandler               
000059a7  PORT5_IRQHandler               
000059a7  PORT6_IRQHandler               
000059a7  PSS_IRQHandler                 
000059a7  PendSV_Handler                 
000059a7  RTC_C_IRQHandler               
000059a7  SVC_Handler                    
000059a7  T32_INT1_IRQHandler            
000059a7  T32_INT2_IRQHandler            
000059a7  T32_INTC_IRQHandler            
000059a7  TA0_0_IRQHandler               
000059a7  TA0_N_IRQHandler               
000059a7  TA1_N_IRQHandler               
000059a7  TA2_0_IRQHandler               
000059a7  TA2_N_IRQHandler               
000059a7  UsageFault_Handler             
000059a7  WDT_A_IRQHandler               
000059a9  __TI_zero_init                 
000059b5  _system_pre_init               
00005a6c  __TI_Handler_Table_Base        
00005a78  __TI_Handler_Table_Limit       
00005a80  __TI_CINIT_Base                
00005a90  __TI_CINIT_Limit               
20000000  x                              
20001000  x2                             
20002000  x3                             
20003000  TxHistogram                    
20003200  __CIOBUF_                      
20003320  __TI_tmpnams                   
200033c0  RxFifo0                        
20003442  TxFifo0                        
200034c4  String                         
20003504  Messageb                       
2000350c  Messagec                       
20003514  parmbuf                        
2000351c  ADCflag                        
20003520  Done0                          
20003524  Done2                          
20003528  Elapsed                        
2000352c  First                          
20003530  I1                             
20003534  LPFSum                         
20003538  LPFSum2                        
2000353c  LPFSum3                        
20003540  MaxTime                        
20003544  Messageindexb                  
20003548  Messageindexc                  
2000354c  NumErrors                      
20003550  NumSuccess                     
20003554  Port4Task                      
20003558  Pt                             
2000355c  Pt2                            
20003560  Pt3                            
20003564  Size                           
20003568  TimerA1Task                    
2000356c  nc                             
20003570  nl                             
20003574  nr                             
20003578  raw12                          
2000357c  raw16                          
20003580  raw17                          
20003584  s                              
20003588  First0                         
2000358a  First2                         
2000358c  Period0                        
2000358e  Period2                        
20003590  CollisionData                  
20003591  CollisionFlag                  
20003592  ReadData                       
20003593  WriteData                      
20003594  reflectance_data               
20003598  _sys_memory                    
20003998  _ftable                        
20003a88  _device                        
20003b00  _stream                        
20003b50  ClockFrequency                 
20003b54  Prewait                        
20003b58  CPMwait                        
20003b5c  Postwait                       
20003b60  IFlags                         
20003b64  Crystalstable                  
20003b68  __TI_ft_end                    
20003b6c  __aeabi_stdin                  
20003b70  __aeabi_stdout                 
20003b74  __aeabi_stderr                 
20003b88  __TI_cleanup_ptr               
20003b8c  __TI_dtors_ptr                 
20003b90  __TI_enable_exit_profile_output
20003ba0  _lock                          
20003ba4  _unlock                        
20003ba8  CaptureTask0                   
20003bac  CaptureTask2                   
20003bb4  errno                          
20003bc0  main_func_sp                   
20003bc4  SystemCoreClock                
2000fe00  __stack                        
20010000  __STACK_END                    
4000480c  WDTCTL_SYM                     
ffffffff  __TI_pprof_out_hndl            
ffffffff  __TI_prof_data_size            
ffffffff  __TI_prof_data_start           
ffffffff  __binit__                      
ffffffff  __c_args__                     
ffffffff  binit                          
UNDEFED   SHT$$INIT_ARRAY$$Base          
UNDEFED   SHT$$INIT_ARRAY$$Limit         

[369 symbols]
